// Jest Snapshot v1, https://goo.gl/fbAQLP

exports[`Storyshots ðŸš€ Cleanup Components/Cards/Card Card 1`] = `
.c0 {
  position: relative;
  background-color: #FFFFFF;
}

.c1 {
  padding: 16px;
}

.c2 {
  font-size: 2.125rem;
  font-weight: 400;
  font-family: Lato,Helvetica,Arial,sans-serif;
  line-height: 40px;
}

.c3 {
  font-size: 0.9375rem;
  font-weight: 400;
  font-family: Lato,Helvetica,Arial,sans-serif;
  line-height: 22px;
}

<div
  className="MuiPaper-root MuiCard-root c0 MuiPaper-elevation1 MuiPaper-rounded"
  style={
    Object {
      "width": 300,
    }
  }
>
  <div
    className="MuiCardContent-root RcCardContent-root c1"
  >
    <h4
      className="MuiTypography-root c2 MuiTypography-gutterBottom"
      data-color="initial"
      data-variant="display1"
    >
      Lizard
    </h4>
    <p
      className="MuiTypography-root c3 MuiTypography-gutterBottom"
      data-color="initial"
      data-variant="body1"
    >
      Lizards are a widespread group of squamate reptiles, with over 6,000 species, ranging across all continents except Antarctica
    </p>
  </div>
</div>
`;

exports[`Storyshots ðŸš€ Cleanup Components/Cards/Card Card Examples 1`] = `
.c7 {
  width: 1em;
  height: 1em;
  stroke-width: 0;
  stroke: currentColor;
  fill: currentColor;
  pointer-events: none;
}

.c6 {
  display: -webkit-inline-box;
  display: -webkit-inline-flex;
  display: -ms-inline-flexbox;
  display: inline-flex;
  font-size: 24px;
  color: #066FAC;
}

.c17 {
  display: -webkit-inline-box;
  display: -webkit-inline-flex;
  display: -ms-inline-flexbox;
  display: inline-flex;
  font-size: 20px;
}

.c19 {
  display: -webkit-inline-box;
  display: -webkit-inline-flex;
  display: -ms-inline-flexbox;
  display: inline-flex;
  font-size: 24px;
  color: #666666;
}

.c25 {
  display: -webkit-inline-box;
  display: -webkit-inline-flex;
  display: -ms-inline-flexbox;
  display: inline-flex;
  font-size: 36px;
}

.c22 {
  position: relative;
  display: -webkit-inline-box;
  display: -webkit-inline-flex;
  display: -ms-inline-flexbox;
  display: inline-flex;
  -webkit-align-items: center;
  -webkit-box-align: center;
  -ms-flex-align: center;
  align-items: center;
  -webkit-box-pack: center;
  -webkit-justify-content: center;
  -ms-flex-pack: center;
  justify-content: center;
  -webkit-flex-shrink: 0;
  -ms-flex-negative: 0;
  flex-shrink: 0;
  line-height: 1;
  border-radius: 50%;
  overflow: hidden;
  -webkit-user-select: none;
  -moz-user-select: none;
  -ms-user-select: none;
  user-select: none;
  outline: none;
  color: #FFFFFF;
  font-size: 1rem;
  font-weight: 700;
  font-family: Lato,Helvetica,Arial,sans-serif;
  line-height: 24px;
  width: 32px;
  height: 32px;
  background-color: #F3F3F3;
}

.c22 > img,
.c22 > canvas {
  width: 100%;
  height: 100%;
}

.c21 {
  position: relative;
  display: -webkit-inline-box;
  display: -webkit-inline-flex;
  display: -ms-inline-flexbox;
  display: inline-flex;
  outline: 0;
}

.c31 {
  position: relative;
  margin: 0;
  border: 0;
  -webkit-flex-shrink: 0;
  -ms-flex-negative: 0;
  flex-shrink: 0;
  overflow: initial;
  width: 100%;
  height: 1px;
  background-color: #E5E5E5;
}

.c2 {
  position: relative;
  background-color: #FFFFFF;
  border: 1px solid #E5E5E5;
  border-radius: 8px;
}

.c2.RcCard-focusVisible,
.c2.RcCard-selected {
  border-color: #066FAC;
}

.c2:not(:hover):not(:focus-within) .RcCardHoverActions-root:not(.RcCardHoverActions-visible) {
  opacity: 0;
}

.c32 {
  width: 168px;
}

.c32 .sc-fujyUd {
  margin-left: 12px;
}

.c32 .RcTextFieldInputLabel-root {
  font-size: 0.75rem;
  font-weight: 700;
  font-family: Lato,Helvetica,Arial,sans-serif;
  line-height: 16px;
  color: #666666;
  -webkit-transform: scale(1);
  -ms-transform: scale(1);
  transform: scale(1);
}

.c32 .RcTextFieldInputLabel-focused {
  color: #066FAC;
}

.c32 .RcTextFieldInput-root {
  color: #121212;
}

.c32 .RcTextFieldInput-root .sc-carGAA {
  display: none;
}

.c32 .RcTextFieldInput-focused .sc-carGAA {
  display: -webkit-inline-box;
  display: -webkit-inline-flex;
  display: -ms-inline-flexbox;
  display: inline-flex;
}

.c32 .RcTextFieldInput-input {
  font-size: 1rem;
  font-weight: 400;
  font-family: Lato,Helvetica,Arial,sans-serif;
  line-height: 24px;
}

.c32 .RcTextFieldInput-input::-webkit-input-placeholder {
  color: #757575;
  opacity: 1;
}

.c32 .RcTextFieldInput-input::-moz-placeholder {
  color: #757575;
  opacity: 1;
}

.c32 .RcTextFieldInput-input:-ms-input-placeholder {
  color: #757575;
  opacity: 1;
}

.c32 .RcTextFieldInput-input::placeholder {
  color: #757575;
  opacity: 1;
}

.c32 .RcTextFieldInput-underline:before {
  border-bottom-color: #939393;
}

.c32 .RcTextFieldInput-underline:after {
  border-bottom-color: #066FAC;
}

.c32 .RcTextFieldInput-error:after {
  border-bottom-color: #BE3933;
}

.c32 .RcTextFieldInput-disabled {
  color: #B9B9B9;
  -webkit-text-fill-color: #B9B9B9;
}

.c32 .RcTextFieldInput-disabled::-webkit-input-placeholder {
  color: #B9B9B9;
}

.c32 .RcTextFieldInput-disabled::-moz-placeholder {
  color: #B9B9B9;
}

.c32 .RcTextFieldInput-disabled:-ms-input-placeholder {
  color: #B9B9B9;
}

.c32 .RcTextFieldInput-disabled::placeholder {
  color: #B9B9B9;
}

.c32 .RcTextFieldInput-disabled:before {
  border-bottom-style: solid;
  border-bottom-color: #B9B9B9;
}

.c32 .RcTextFieldInput-disabled:after {
  border-bottom-style: none;
}

.c32 .RcTextFieldFormHelperText-root {
  font-size: 0.75rem;
  font-weight: 400;
  font-family: Lato,Helvetica,Arial,sans-serif;
  line-height: 16px;
  color: #666666;
}

.c32 .RcTextFieldFormHelperText-error {
  color: #BE3933;
}

.c32 .RcTextFieldFormHelperText-disabled {
  color: #B9B9B9;
}

.c32 .RcTextFieldInputLabel-error {
  color: #BE3933;
}

.c32 .RcTextFieldInputLabel-disabled {
  color: #B9B9B9;
}

.c32 input[type='search']::-ms-clear,
.c32 input[type='search']::-ms-reveal {
  display: none;
  width: 0;
  height: 0;
}

.c32 input[type='search']::-webkit-search-decoration,
.c32 input[type='search']::-webkit-search-cancel-button,
.c32 input[type='search']::-webkit-search-results-button,
.c32 input[type='search']::-webkit-search-results-decoration {
  display: none;
}

.c9 {
  font-size: 1rem;
  font-weight: 700;
  font-family: Lato,Helvetica,Arial,sans-serif;
  line-height: 24px;
  font-weight: 700;
}

.c11 {
  font-size: 0.9375rem;
  font-weight: 400;
  font-family: Lato,Helvetica,Arial,sans-serif;
  line-height: 22px;
  color: #666666;
}

.c12 {
  font-size: 0.9375rem;
  font-weight: 400;
  font-family: Lato,Helvetica,Arial,sans-serif;
  line-height: 22px;
  font-weight: 700;
  color: #121212;
}

.c16.RcCheckbox-root {
  color: #BE3933;
  padding: 10px;
}

.c16.RcCheckbox-root.RcCheckbox-checked {
  color: #BE3933;
}

.c16.RcCheckbox-root.RcCheckbox-disabled {
  color: #B9B9B9;
}

.c33 .RcSelect-icon {
  color: #666666;
}

.c33 .RcSelectInput-focused .RcSelect-icon {
  color: #066FAC;
}

.c33 .RcSelectInput-error .RcSelect-icon {
  color: #BE3933;
}

.c33 .RcSelectInputWhenPlaceholder-input {
  color: #757575;
}

.c33 .RcSelectInputWhenPlaceholder-input:before {
  content: 'undefined';
  border: none;
}

.c33 .RcSelectInput-disabled {
  color: #B9B9B9;
}

.c33 .RcSelectInput-disabled .RcSelect-icon {
  color: #B9B9B9;
}

.c33 > .RcBoxSelectInput-root {
  box-sizing: border-box;
  height: 32px;
  border-radius: 4px;
  background-color: #F3F3F3;
}

.c33 > .RcBoxSelectInput-root:not(.RcBoxSelectInput-disabled):hover {
  background-color: rgba(73,73,73,0.12);
}

.c33 > .RcBoxSelectInput-root:before {
  content: '';
  position: absolute;
  top: 0;
  right: 0;
  bottom: 0;
  left: 0;
  border-radius: 4px;
  -webkit-transition: none;
  transition: none;
  border-bottom: none !important;
  pointer-events: none;
}

.c33 > .RcBoxSelectInput-root:after {
  display: none;
}

.c33 > .RcBoxSelectInput-focused {
  background-color: rgba(73,73,73,0.16);
}

.c33 > .RcBoxSelectInput-focused:before {
  box-shadow: inset 0 0 0 1px #066FAC;
}

.c33 > .RcBoxSelectInput-error:before {
  box-shadow: inset 0 0 0 1px #BE3933;
}

.c33 > .RcBoxSelectInput-disabled {
  background-color: rgba(102,102,102,0.12);
}

.c33 > .RcBoxSelectInput-disabled:before {
  box-shadow: inset 0 0 0 1px transparent;
}

.c33 .RcBoxSelectInput-input {
  padding: 6px 24px 6px 8px;
  font-size: 0.9375rem;
  font-weight: 400;
  font-family: Lato,Helvetica,Arial,sans-serif;
  line-height: 22px;
  line-height: 20px;
}

.c33 .RcBoxSelectInput-input:focus {
  background: transparent;
}

.c29.RcSwitch-root {
  padding: 0px;
  width: 36px;
  height: 20px;
}

.c29.RcSwitch-root .RcSwitch-switchBase {
  width: 36px;
  height: 20px;
  padding: 0;
  background-color: transparent;
  -webkit-transform: translateX(-8px);
  -ms-transform: translateX(-8px);
  transform: translateX(-8px);
}

.c29.RcSwitch-root .RcSwitch-switchBase.RcSwitch-checked {
  -webkit-transform: translateX(8px);
  -ms-transform: translateX(8px);
  transform: translateX(8px);
}

.c29.RcSwitch-root .RcSwitch-thumb {
  height: 12px;
  width: 12px;
  background-color: #FFFFFF;
  box-shadow: none;
}

.c29.RcSwitch-root .RcSwitch-track {
  height: 20px;
  opacity: 1;
  margin: 0;
  border-radius: 100vw;
  background-color: #939393;
}

.c29.RcSwitch-root .RcSwitch-checked + .RcSwitch-track {
  background-color: #066FAC;
}

.c29.RcSwitch-root .RcSwitch-disabled + .RcSwitch-track {
  background-color: #B9B9B9;
}

.c29.RcSwitch-root .RcSwitch-focusVisible + .RcSwitch-track:after {
  content: '';
  position: absolute;
  top: 0;
  left: 0;
  width: 100%;
  height: 100%;
  box-sizing: border-box;
  border-radius: 100vw;
  border: 1px solid #066FAC;
}

.c29.RcSwitch-root:active .RcSwitch-switchBase:not(.RcSwitch-disabled) + .RcSwitch-track {
  background-color: rgba(147,147,147,0.76);
}

.c29.RcSwitch-root:active .RcSwitch-switchBase:not(.RcSwitch-disabled).RcSwitch-checked + .RcSwitch-track {
  background-color: rgba(6,111,172,0.76);
}

.c23 {
  font-size: 0.9375rem;
  font-weight: 400;
  font-family: Lato,Helvetica,Arial,sans-serif;
  line-height: 22px;
  width: 100%;
  padding-top: 5px;
  padding-bottom: 5px;
  display: -webkit-box;
  display: -webkit-flex;
  display: -ms-flexbox;
  display: flex;
  color: #121212;
  cursor: default;
}

.c23 .RcListItemTouchRipple-rippleVisible {
  color: #666666;
}

.c23.RcListItem-focusVisible {
  background-color: rgba(102,102,102,0.1);
}

.c23.RcListItem-gutters {
  padding-left: 16px;
  padding-right: 16px;
}

.c23.RcListItem-dense {
  padding-top: 4px;
  padding-bottom: 4px;
}

.c23 .sc-oefIU {
  margin-right: 0;
}

.c23 .sc-oefIU > .c28 {
  margin-left: 4px;
  margin-right: 4px;
}

.c24 {
  display: -webkit-box;
  display: -webkit-flex;
  display: -ms-flexbox;
  display: flex;
  -webkit-box-pack: center;
  -webkit-justify-content: center;
  -ms-flex-pack: center;
  justify-content: center;
  -webkit-align-items: center;
  -webkit-box-align: center;
  -ms-flex-align: center;
  align-items: center;
  width: auto;
  height: unset;
  color: #666666;
  min-width: unset;
}

.c24 > .sc-biJoGX,
.c24 > .c15 {
  margin-right: 4px;
}

.c24 > .c28 {
  margin-left: 4px;
  margin-right: 4px;
}

.c24 > .sc-fujyUd,
.c24 > .c5 {
  margin-right: 8px;
}

.c26 {
  padding: 0;
  margin: 0 8px 0 0;
}

.c26.RcListItemText-multiline {
  margin: 4px 8px 4px 0px;
}

.c26.RcListItemText-inset {
  padding-left: 56px;
}

.c26 .RcListItemText-primary {
  white-space: nowrap;
  overflow: hidden;
  text-overflow: ellipsis;
  -webkit-text-decoration-line: inherit;
  text-decoration-line: inherit;
  font-size: 0.9375rem;
  font-weight: 400;
  font-family: Lato,Helvetica,Arial,sans-serif;
  line-height: 22px;
  color: #121212;
}

.c26 .RcListItemText-secondary {
  white-space: nowrap;
  overflow: hidden;
  text-overflow: ellipsis;
  -webkit-text-decoration-line: inherit;
  text-decoration-line: inherit;
  font-size: 0.75rem;
  font-weight: 400;
  font-family: Lato,Helvetica,Arial,sans-serif;
  line-height: 16px;
  color: #666666;
}

.c8 {
  -webkit-text-decoration: none;
  text-decoration: none;
  font-size: 0.9375rem;
  font-weight: 400;
  font-family: Lato,Helvetica,Arial,sans-serif;
  line-height: 22px;
  color: #066FAC;
  cursor: pointer;
}

.c8:focus {
  outline: none;
}

.c8.focus-visible,
.c8[data-focus-visible-added] {
  -webkit-text-decoration: underline;
  text-decoration: underline;
}

.c8:active {
  color: rgba(6,111,172,0.76);
}

.c14 {
  -webkit-text-decoration: none;
  text-decoration: none;
  font-size: 0.9375rem;
  font-weight: 400;
  font-family: Lato,Helvetica,Arial,sans-serif;
  line-height: 22px;
  color: #BE3933;
  cursor: pointer;
}

.c14:focus {
  outline: none;
}

.c14.focus-visible,
.c14[data-focus-visible-added] {
  -webkit-text-decoration: underline;
  text-decoration: underline;
}

.c14:active {
  color: rgba(190,57,51,0.76);
}

.c3 {
  padding: 16px 40px;
  max-width: 508px;
  box-sizing: border-box;
}

.c4 {
  display: -webkit-box;
  display: -webkit-flex;
  display: -ms-flexbox;
  display: flex;
  -webkit-align-items: center;
  -webkit-box-align: center;
  -ms-flex-align: center;
  align-items: center;
  margin-bottom: 16px;
}

.c10 {
  margin-bottom: 20px;
}

.c10:last-child {
  margin-bottom: unset;
}

.c18 {
  margin-bottom: 20px;
  display: -webkit-box;
  display: -webkit-flex;
  display: -ms-flexbox;
  display: flex;
}

.c18:last-child {
  margin-bottom: unset;
}

.c0 {
  display: -webkit-box;
  display: -webkit-flex;
  display: -ms-flexbox;
  display: flex;
  -webkit-flex-wrap: wrap;
  -ms-flex-wrap: wrap;
  flex-wrap: wrap;
}

.c0 .c1 + .c1 {
  margin-left: 1em;
}

.c0 .mr-2 {
  margin-right: 8px;
}

.c13 {
  margin: 8px;
  padding: 16px 24px;
  max-width: 400px;
  box-sizing: border-box;
}

.c13 .c30 {
  margin-bottom: 20px;
}

.c20 {
  display: -webkit-inline-box;
  display: -webkit-inline-flex;
  display: -ms-inline-flexbox;
  display: inline-flex;
  -webkit-align-items: center;
  -webkit-box-align: center;
  -ms-flex-align: center;
  align-items: center;
}

.c20 .{
  margin-right: 4px;
}

.c27 {
  margin: 8px;
  padding: 16px 24px;
  max-width: 800px;
  box-sizing: border-box;
}

@media (hover:hover) and (pointer:fine) {
  .c32 .RcTextFieldInput-root:hover:not(.RcTextFieldInput-disabled) .sc-carGAA {
    display: -webkit-inline-box;
    display: -webkit-inline-flex;
    display: -ms-inline-flexbox;
    display: inline-flex;
  }
}

@media (hover:hover) and (pointer:fine) {
  .c32 .RcTextFieldInput-underline:hover:not(.RcTextFieldInput-disabled):before {
    border-bottom-color: #121212;
  }
}

@media (hover:hover) and (pointer:fine) {
  .c16.RcCheckbox-root:hover {
    background-color: rgba(190,57,51,0.12);
  }

  .c16.RcCheckbox-root:hover.RcCheckbox-checked {
    color: rgba(190,57,51,0.92);
    background-color: rgba(190,57,51,0.12);
  }
}

@media (hover:hover) and (pointer:fine) {
  .c29.RcSwitch-root:hover .RcSwitch-switchBase:not(.RcSwitch-disabled) + .RcSwitch-track {
    background-color: rgba(147,147,147,0.92);
  }

  .c29.RcSwitch-root:hover .RcSwitch-switchBase:not(.RcSwitch-disabled).RcSwitch-checked + .RcSwitch-track {
    background-color: rgba(6,111,172,0.92);
  }
}

@media (hover:hover) and (pointer:fine) {
  .c23:hover {
    background-color: rgba(102,102,102,0.05);
  }
}

@media (hover:hover) and (pointer:fine) {
  .c8:hover {
    -webkit-text-decoration: underline;
    text-decoration: underline;
  }
}

@media (hover:hover) and (pointer:fine) {
  .c14:hover {
    -webkit-text-decoration: underline;
    text-decoration: underline;
  }
}

<div
  className="c0"
>
  <div
    className="MuiPaper-root MuiCard-root c1 c2 c3 MuiPaper-outlined MuiPaper-rounded"
  >
    <header
      className="c4"
    >
      <span
        className="c5 c6 mr-2 date_border icon"
      >
        <svg
          className="c7"
          viewBox="0 0 32 32"
          xmlns="http://www.w3.org/2000/svg"
        >
          <path
            d="M26 4h-4V3a1 1 0 00-2 0v1h-8V3a1 1 0 00-2 0v1H6a2 2 0 00-2 2v20a2 2 0 002 2h20a2 2 0 002-2V6a2 2 0 00-2-2zm-1 22H7a1 1 0 01-1-1V12h20v13a1 1 0 01-1 1zm1-16H6V7a1 1 0 011-1h3v1a1 1 0 002 0V6h8v1a1 1 0 002 0V6h3a1 1 0 011 1v3z"
          />
        </svg>
        
      </span>
      <a
        className="c8"
        onKeyDown={[Function]}
      >
        <h6
          className="MuiTypography-root c9"
          data-color="initial"
          data-variant="subheading2"
        >
          Global presentation with marketing team
        </h6>
      </a>
    </header>
    <main
      className=""
    >
      <div
        className="c10"
      >
        <p
          className="MuiTypography-root c11"
          data-color="neutral.f04"
          data-variant="body1"
        >
          Date & time
        </p>
        <p
          className="MuiTypography-root c12"
          data-color="neutral.f06"
          data-variant="body1"
        >
          Thu, 12/05/2019 at 8:00 AM - 11:00AM, repeating every month
        </p>
      </div>
      <div
        className="c10"
      >
        <p
          className="MuiTypography-root c11"
          data-color="neutral.f04"
          data-variant="body1"
        >
          Location
        </p>
        <p
          className="MuiTypography-root c12"
          data-color="neutral.f06"
          data-variant="body1"
        >
          XMN office - 10F
        </p>
      </div>
      <div
        className="c10"
      >
        <p
          className="MuiTypography-root c11"
          data-color="neutral.f04"
          data-variant="body1"
        >
          Description
        </p>
        <p
          className="MuiTypography-root c12"
          data-color="neutral.f06"
          data-variant="body1"
        >
          This is description of note. Mauris non tempor quam, et lacinia sapien. Mauris accumsan eros eget libero posuere vulputate.
        </p>
      </div>
    </main>
  </div>
  <div
    className="MuiPaper-root MuiCard-root c2 c13 MuiPaper-outlined MuiPaper-rounded"
  >
    <header
      className="c4"
    >
      <a
        className="c14"
        onKeyDown={[Function]}
      >
        <h6
          className="MuiTypography-root c9"
          data-color="initial"
          data-variant="subheading2"
        >
          Global presentation with marketing team
        </h6>
      </a>
      <div
        className="MuiBox-root MuiBox-root-69"
      />
      <div>
        <span
          aria-disabled={false}
          className="MuiButtonBase-root MuiIconButton-root PrivateSwitchBase-root-70 MuiCheckbox-root RcCheckbox-root c15 c16"
          onBlur={[Function]}
          onDragLeave={[Function]}
          onFocus={[Function]}
          onKeyDown={[Function]}
          onKeyUp={[Function]}
          onMouseDown={[Function]}
          onMouseLeave={[Function]}
          onMouseUp={[Function]}
          onTouchEnd={[Function]}
          onTouchMove={[Function]}
          onTouchStart={[Function]}
          tabIndex={null}
        >
          <span
            className="MuiIconButton-label"
          >
            <input
              className="PrivateSwitchBase-input-73"
              data-indeterminate={false}
              onChange={[Function]}
              type="checkbox"
            />
            <span
              className="c5 c17 unselect icon"
            >
              <svg
                className="c7"
                viewBox="0 0 32 32"
                xmlns="http://www.w3.org/2000/svg"
              >
                <path
                  d="M27 2a3 3 0 013 3v22a3 3 0 01-3 3H5a3 3 0 01-3-3V5a3 3 0 013-3h22zm0 2.5H5a.5.5 0 00-.492.41L4.5 5v22a.5.5 0 00.41.492L5 27.5h22a.5.5 0 00.492-.41L27.5 27V5a.5.5 0 00-.41-.492L27 4.5z"
                />
              </svg>
              
            </span>
          </span>
          <span
            className="MuiTouchRipple-root"
          />
        </span>
      </div>
    </header>
    <main
      className=""
    >
      <div
        className="c18"
        display="flex"
      >
        <span
          className="c5 c19 mr-2 time_border icon"
        >
          <svg
            className="c7"
            viewBox="0 0 32 32"
            xmlns="http://www.w3.org/2000/svg"
          >
            <path
              d="M16 2c7.732 0 14 6.268 14 14s-6.268 14-14 14S2 23.732 2 16 8.268 2 16 2zm0 2C9.373 4 4 9.373 4 16s5.373 12 12 12 12-5.373 12-12S22.627 4 16 4zM9 17a1 1 0 010-2h6V7a1 1 0 012 0v9a1 1 0 01-.883.993L16 17H9z"
            />
          </svg>
          
        </span>
        <p
          className="MuiTypography-root c12 MuiTypography-displayInline"
          data-color="neutral.f06"
          data-variant="body1"
        >
          Thu, 12/05/2019 at 8:00 AM - 11:00AM
        </p>
      </div>
      <div
        className="c10"
      >
        <p
          className="MuiTypography-root c11"
          data-color="neutral.f04"
          data-variant="body1"
        >
          Assignee
        </p>
        <p
          className="MuiTypography-root c12"
          data-color="neutral.f06"
          data-variant="body1"
        >
          <div
            className="c20 mr-2"
          >
            <div
              className="c21 "
              data-test-automation-class="avatar"
            >
              <div
                className="c22 RcAvatar-avatarContainer"
              >
                <img
                  src="test-file-stub"
                />
              </div>
            </div>
            Jesse
          </div>
          <div
            className="c20"
          >
            <div
              className="c21 "
              data-test-automation-class="avatar"
            >
              <div
                className="c22 RcAvatar-avatarContainer"
              >
                <img
                  src="test-file-stub"
                />
              </div>
            </div>
            Tomas
          </div>
        </p>
      </div>
      <div
        className="c10"
      >
        <p
          className="MuiTypography-root c11"
          data-color="neutral.f04"
          data-variant="body1"
        >
          Section
        </p>
        <p
          className="MuiTypography-root c12"
          data-color="neutral.f06"
          data-variant="body1"
        >
          This is description of note. Mauris non tempor quam, et lacinia sapien.
        </p>
      </div>
      <div
        className="c10"
      >
        <p
          className="MuiTypography-root c11"
          data-color="neutral.f04"
          data-variant="body1"
        >
          Attachments
        </p>
        <p
          className="MuiTypography-root c12"
          data-color="neutral.f06"
          data-variant="body1"
        >
          <div
            aria-disabled={false}
            className="MuiButtonBase-root MuiListItem-root c23 RcListItem-multiline MuiListItem-gutters RcListItem-gutters MuiListItem-button"
            onBlur={[Function]}
            onDragLeave={[Function]}
            onFocus={[Function]}
            onKeyDown={[Function]}
            onKeyUp={[Function]}
            onMouseDown={[Function]}
            onMouseLeave={[Function]}
            onMouseUp={[Function]}
            onTouchEnd={[Function]}
            onTouchMove={[Function]}
            onTouchStart={[Function]}
            role="button"
            tabIndex={0}
          >
            <div
              className="MuiListItemIcon-root c24"
            >
              <span
                className="c5 c25 doc icon"
                data-test-automation-id="iconThumbnail"
              >
                <svg
                  className="c7"
                  viewBox="0 0 32 32"
                  xmlns="http://www.w3.org/2000/svg"
                >
                  <path
                    d="M3.556 0h24.889a3.556 3.556 0 013.556 3.556v24.889a3.556 3.556 0 01-3.556 3.556H3.556A3.556 3.556 0 010 28.445V3.556A3.556 3.556 0 013.556 0z"
                    fill="var(--color25, #fff)"
                    opacity={0.992}
                  />
                  <path
                    d="M3.556 0h24.889a3.556 3.556 0 013.556 3.556v24.889a3.556 3.556 0 01-3.556 3.556H3.556A3.556 3.556 0 010 28.445V3.556A3.556 3.556 0 013.556 0z"
                    fill="var(--color40, #4169a1)"
                    opacity={0.16}
                  />
                  <path
                    d="M11.919 8c-.601 0-1.108.208-1.522.624s-.62.927-.62 1.532v11.688c0 .605.207 1.116.62 1.532s.921.624 1.522.624h8.161c.601 0 1.108-.208 1.522-.624s.62-.927.62-1.532v-9.059L16.671 8h-4.752zm5.09 12.53l-1.202-4.842h-.038l-1.24 4.842h-1.052l-1.954-6.128h1.09l1.39 5.031 1.24-5.031h1.09l1.277 5.031L19 14.402h1.014l-1.916 6.128h-1.09z"
                    fill="var(--color40, #4169a1)"
                  />
                </svg>
                
              </span>
            </div>
            <div
              className="MuiListItemText-root c26 MuiListItemText-multiline RcListItemText-multiline"
            >
              <span
                className="MuiTypography-root MuiListItemText-primary RcListItemText-primary MuiTypography-body1 MuiTypography-displayBlock"
              >
                RCB Press Relate.docx
              </span>
              <p
                className="MuiTypography-root MuiListItemText-secondary RcListItemText-secondary MuiTypography-body2 MuiTypography-colorTextSecondary MuiTypography-displayBlock"
              >
                Michael Peachey 4/2/2020
              </p>
            </div>
            <span
              className="MuiTouchRipple-root"
            />
          </div>
        </p>
      </div>
    </main>
  </div>
  <div
    className="MuiPaper-root MuiCard-root c2 c13 c27 MuiPaper-outlined MuiPaper-rounded"
  >
    <main
      className=""
    >
      <div
        className="c18"
        display="flex"
      >
        <div
          className="MuiBox-root MuiBox-root-74"
        >
          <p
            className="MuiTypography-root c12"
            data-color="neutral.f06"
            data-variant="body1"
          >
            Desktop notifications for browser
          </p>
          <p
            className="MuiTypography-root c11"
            data-color="neutral.f04"
            data-variant="body1"
          >
            Receive notifications in your web browser when the RingCentral app is not open (browser permission needed)
          </p>
        </div>
        <div
          className="MuiBox-root MuiBox-root-75"
        >
          <span
            className="MuiSwitch-root RcSwitch-root c28 c29"
          >
            <span
              aria-disabled={false}
              className="MuiButtonBase-root MuiIconButton-root PrivateSwitchBase-root-70 MuiSwitch-switchBase RcSwitch-switchBase PrivateSwitchBase-checked-71 Mui-checked RcSwitch-checked"
              onBlur={[Function]}
              onDragLeave={[Function]}
              onFocus={[Function]}
              onKeyDown={[Function]}
              onKeyUp={[Function]}
              onMouseDown={[Function]}
              onMouseLeave={[Function]}
              onMouseUp={[Function]}
              onTouchEnd={[Function]}
              onTouchMove={[Function]}
              onTouchStart={[Function]}
              tabIndex={null}
            >
              <span
                className="MuiIconButton-label"
              >
                <input
                  className="PrivateSwitchBase-input-73 MuiSwitch-input"
                  defaultChecked={true}
                  onChange={[Function]}
                  type="checkbox"
                />
                <span
                  className="MuiSwitch-thumb RcSwitch-thumb"
                />
              </span>
            </span>
            <span
              className="MuiSwitch-track RcSwitch-track"
            />
          </span>
        </div>
      </div>
      <hr
        className="c30 c31"
        role="separator"
      />
      <div
        className="c18"
        display="flex"
      >
        <div
          className="MuiBox-root MuiBox-root-76"
        >
          <p
            className="MuiTypography-root c12"
            data-color="neutral.f06"
            data-variant="body1"
          >
            New messages
          </p>
          <p
            className="MuiTypography-root c11"
            data-color="neutral.f04"
            data-variant="body1"
          >
            Choose your preference for desktop notifications for new messages
          </p>
        </div>
        <div
          className="MuiBox-root MuiBox-root-77"
        >
          <div
            className="MuiFormControl-root MuiTextField-root RcTextField-root c32 c33"
          >
            <div
              className="MuiInputBase-root MuiInput-root RcTextFieldInput-root RcSelectInput-root RcBoxSelectInput-root MuiInput-underline RcTextFieldInput-underline MuiInputBase-formControl MuiInput-formControl"
              onClick={[Function]}
            >
              <div
                aria-haspopup="listbox"
                aria-labelledby="line-select"
                className="MuiSelect-root MuiSelect-select MuiSelect-selectMenu MuiInputBase-input MuiInput-input RcTextFieldInput-input RcBoxSelectInput-input"
                id="line-select"
                onBlur={[Function]}
                onFocus={[Function]}
                onKeyDown={[Function]}
                onMouseDown={[Function]}
                role="button"
                tabIndex={0}
              >
                All new messages
              </div>
              <input
                aria-hidden={true}
                autoFocus={false}
                className="MuiSelect-nativeInput"
                disabled={false}
                onAnimationStart={[Function]}
                onChange={[Function]}
                required={false}
                tabIndex={-1}
                value={0}
                variant="standard"
              />
              <span
                className="c5 c19 MuiSvgIcon-root MuiSelect-icon RcSelect-icon arrow-down icon"
                disabled={false}
              >
                <svg
                  className="c7"
                  viewBox="0 0 32 32"
                  xmlns="http://www.w3.org/2000/svg"
                >
                  <path
                    d="M16.707 20.293l5.586-5.586A.999.999 0 0021.586 13H10.414a1 1 0 00-.707 1.707l5.586 5.586a.999.999 0 001.414 0z"
                  />
                </svg>
                
              </span>
            </div>
          </div>
        </div>
      </div>
      <hr
        className="c30 c31"
        role="separator"
      />
      <div
        className="c18"
        display="flex"
      >
        <div
          className="MuiBox-root MuiBox-root-78"
        >
          <p
            className="MuiTypography-root c12"
            data-color="neutral.f06"
            data-variant="body1"
          >
            Incoming calls
          </p>
          <p
            className="MuiTypography-root c11"
            data-color="neutral.f04"
            data-variant="body1"
          >
            Receive notifications for incoming calls
          </p>
        </div>
        <div
          className="MuiBox-root MuiBox-root-79"
        >
          <span
            className="MuiSwitch-root RcSwitch-root c28 c29"
          >
            <span
              aria-disabled={false}
              className="MuiButtonBase-root MuiIconButton-root PrivateSwitchBase-root-70 MuiSwitch-switchBase RcSwitch-switchBase PrivateSwitchBase-checked-71 Mui-checked RcSwitch-checked"
              onBlur={[Function]}
              onDragLeave={[Function]}
              onFocus={[Function]}
              onKeyDown={[Function]}
              onKeyUp={[Function]}
              onMouseDown={[Function]}
              onMouseLeave={[Function]}
              onMouseUp={[Function]}
              onTouchEnd={[Function]}
              onTouchMove={[Function]}
              onTouchStart={[Function]}
              tabIndex={null}
            >
              <span
                className="MuiIconButton-label"
              >
                <input
                  className="PrivateSwitchBase-input-73 MuiSwitch-input"
                  defaultChecked={true}
                  onChange={[Function]}
                  type="checkbox"
                />
                <span
                  className="MuiSwitch-thumb RcSwitch-thumb"
                />
              </span>
            </span>
            <span
              className="MuiSwitch-track RcSwitch-track"
            />
          </span>
        </div>
      </div>
      <hr
        className="c30 c31"
        role="separator"
      />
      <div
        className="c18"
        display="flex"
      >
        <div
          className="MuiBox-root MuiBox-root-80"
        >
          <p
            className="MuiTypography-root c12"
            data-color="neutral.f06"
            data-variant="body1"
          >
            Missed calls and new voicemails
          </p>
          <p
            className="MuiTypography-root c11"
            data-color="neutral.f04"
            data-variant="body1"
          >
            Receive notifications for missed calls and new voicemails
          </p>
        </div>
        <div
          className="MuiBox-root MuiBox-root-81"
        >
          <span
            className="MuiSwitch-root RcSwitch-root c28 c29"
          >
            <span
              aria-disabled={false}
              className="MuiButtonBase-root MuiIconButton-root PrivateSwitchBase-root-70 MuiSwitch-switchBase RcSwitch-switchBase"
              onBlur={[Function]}
              onDragLeave={[Function]}
              onFocus={[Function]}
              onKeyDown={[Function]}
              onKeyUp={[Function]}
              onMouseDown={[Function]}
              onMouseLeave={[Function]}
              onMouseUp={[Function]}
              onTouchEnd={[Function]}
              onTouchMove={[Function]}
              onTouchStart={[Function]}
              tabIndex={null}
            >
              <span
                className="MuiIconButton-label"
              >
                <input
                  className="PrivateSwitchBase-input-73 MuiSwitch-input"
                  onChange={[Function]}
                  type="checkbox"
                />
                <span
                  className="MuiSwitch-thumb RcSwitch-thumb"
                />
              </span>
            </span>
            <span
              className="MuiSwitch-track RcSwitch-track"
            />
          </span>
        </div>
      </div>
    </main>
  </div>
</div>
`;
