// Jest Snapshot v1, https://goo.gl/fbAQLP

exports[`Storyshots ðŸš€ Cleanup Components/VirtualizedMenu Menu Examples 1`] = `
Array [
  .c0 {
  text-transform: none;
  font-size: 0.9375rem;
  font-weight: 700;
  font-family: Lato,Helvetica,Arial,sans-serif;
  text-align: center;
  box-shadow: unset;
  min-width: 96px;
  min-height: 36px;
  padding: 0px 16px;
}

.c0 .RcButton-startIcon {
  margin-right: 8px;
}

.c0 .RcButton-endIcon {
  margin-left: 8px;
}

.c0.RcButton-text {
  color: #066FAC;
}

.c0.RcButton-contained {
  color: #fff;
  background-color: #066FAC;
}

.c0.RcButton-contained.RcButton-disabled {
  background-color: #B9B9B9;
  color: #FFFFFF;
}

.c0.RcButton-outlined {
  color: #066FAC;
  border-color: #066FAC;
  padding: 0px 15px;
}

@media (hover:hover) and (pointer:fine) {
  .c0.RcButton-text:hover {
    background-color: rgba(6,111,172,0.08);
  }
}

@media (hover:hover) and (pointer:fine) {
  .c0.RcButton-contained:hover {
    background-color: rgba(6,111,172,0.92);
  }
}

@media (hover:hover) and (pointer:fine) {
  .c0.RcButton-outlined:hover {
    background-color: rgba(6,111,172,0.08);
  }
}

<button
    className="MuiButtonBase-root MuiButton-root MuiButton-contained RcButton-contained c0"
    disabled={false}
    onBlur={[Function]}
    onClick={[Function]}
    onDragLeave={[Function]}
    onFocus={[Function]}
    onKeyDown={[Function]}
    onKeyUp={[Function]}
    onMouseDown={[Function]}
    onMouseLeave={[Function]}
    onMouseUp={[Function]}
    onTouchEnd={[Function]}
    onTouchMove={[Function]}
    onTouchStart={[Function]}
    tabIndex={0}
    type="button"
  >
    <span
      className="MuiButton-label"
    >
      Open Menu
    </span>
    <span
      className="MuiTouchRipple-root"
    />
  </button>,
  .c1 {
  -webkit-clip-path: inset(100%);
  clip-path: inset(100%);
  -webkit-clip: rect(1px,1px,1px,1px);
  clip: rect(1px,1px,1px,1px);
  height: 1px;
  overflow: hidden;
  position: absolute;
  white-space: nowrap;
  width: 1px;
}

.c2 {
  height: 8px;
}

.c0 .RcVirtualizedMenu-paper {
  max-height: calc(100% - 96px);
  -webkit-overflow-scrolling: touch;
  overflow: hidden;
}

@media (hover:hover) and (pointer:fine) {

}

@media (hover:hover) and (pointer:fine) {

}

@media (hover:hover) and (pointer:fine) {

}

<div
    className="MuiPopover-root c0"
    onKeyDown={[Function]}
    role="presentation"
    style={
      Object {
        "bottom": 0,
        "left": 0,
        "position": "fixed",
        "right": 0,
        "top": 0,
        "visibility": "hidden",
        "zIndex": 1300,
      }
    }
  >
    <div
      data-test="sentinelStart"
      tabIndex={0}
    />
    <div
      className="MuiPaper-root RcVirtualizedMenu-paper MuiPopover-paper MuiPaper-elevation8 MuiPaper-rounded"
      style={
        Object {
          "opacity": 0,
          "transform": "scale(0.75, 0.5625)",
          "visibility": "hidden",
        }
      }
      tabIndex="-1"
    >
      <span
        className="c1"
        onFocus={[Function]}
      />
      <div
        onBlur={[Function]}
        onFocus={[Function]}
        onKeyDown={[Function]}
        style={
          Object {
            "WebkitOverflowScrolling": "touch",
            "height": 416,
            "outline": "none",
            "overflowY": "auto",
            "position": "relative",
          }
        }
        tabIndex={-1}
      >
        <div
          style={
            Object {
              "height": "100%",
              "position": "absolute",
              "top": 0,
              "width": "100%",
            }
          }
        >
          <div>
            <div
              className="c2"
            />
          </div>
          <ul
            className="MuiList-root "
            onKeyDown={[Function]}
            role="menu"
            style={
              Object {
                "boxSizing": "border-box",
                "marginTop": 0,
                "paddingBottom": 0,
                "paddingTop": 0,
              }
            }
          />
          <div>
            <div
              className="c2"
            />
          </div>
        </div>
      </div>
    </div>
    <div
      data-test="sentinelEnd"
      tabIndex={0}
    />
  </div>,
]
`;

exports[`Storyshots ðŸš€ Cleanup Components/VirtualizedMenu Virtualized Menu 1`] = `
.c0 {
  text-transform: none;
  font-size: 0.9375rem;
  font-weight: 700;
  font-family: Lato,Helvetica,Arial,sans-serif;
  text-align: center;
  box-shadow: unset;
  min-width: 96px;
  min-height: 36px;
  padding: 0px 16px;
}

.c0 .RcButton-startIcon {
  margin-right: 8px;
}

.c0 .RcButton-endIcon {
  margin-left: 8px;
}

.c0.RcButton-text {
  color: #066FAC;
}

.c0.RcButton-contained {
  color: #fff;
  background-color: #066FAC;
}

.c0.RcButton-contained.RcButton-disabled {
  background-color: #B9B9B9;
  color: #FFFFFF;
}

.c0.RcButton-outlined {
  color: #066FAC;
  border-color: #066FAC;
  padding: 0px 15px;
}

@media (hover:hover) and (pointer:fine) {
  .c0.RcButton-text:hover {
    background-color: rgba(6,111,172,0.08);
  }
}

@media (hover:hover) and (pointer:fine) {
  .c0.RcButton-contained:hover {
    background-color: rgba(6,111,172,0.92);
  }
}

@media (hover:hover) and (pointer:fine) {
  .c0.RcButton-outlined:hover {
    background-color: rgba(6,111,172,0.08);
  }
}

<button
  className="MuiButtonBase-root MuiButton-root MuiButton-contained RcButton-contained c0"
  disabled={false}
  onBlur={[Function]}
  onClick={[Function]}
  onDragLeave={[Function]}
  onFocus={[Function]}
  onKeyDown={[Function]}
  onKeyUp={[Function]}
  onMouseDown={[Function]}
  onMouseLeave={[Function]}
  onMouseUp={[Function]}
  onTouchEnd={[Function]}
  onTouchMove={[Function]}
  onTouchStart={[Function]}
  tabIndex={0}
  type="button"
>
  <span
    className="MuiButton-label"
  >
    Open Menu
  </span>
</button>
`;
