// Jest Snapshot v1, https://goo.gl/fbAQLP

exports[`Storyshots ðŸš€ Cleanup Components/Forms/Textarea Textarea 1`] = `
Array [
  .c0 {
  font-size: 1.5rem;
  font-weight: 400;
  font-family: Lato,Helvetica,Arial,sans-serif;
  line-height: 32px;
  color: #121212;
}

@media (hover:hover) and (pointer:fine) {

}

@media (hover:hover) and (pointer:fine) {

}

<h5
    className="MuiTypography-root c0 MuiTypography-paragraph MuiTypography-displayBlock"
    data-color="neutral.f06"
    data-variant="headline1"
  >
    Control
  </h5>,
  .c0 {
  width: 168px;
}

.c0 .sc-pNWxx {
  margin-left: 12px;
}

.c0 .RcTextFieldInputLabel-root {
  font-size: 0.75rem;
  font-weight: 700;
  font-family: Lato,Helvetica,Arial,sans-serif;
  line-height: 16px;
  color: #666666;
  -webkit-transform: scale(1);
  -ms-transform: scale(1);
  transform: scale(1);
}

.c0 .RcTextFieldInputLabel-focused {
  color: #066FAC;
}

.c0 .RcTextFieldInput-root {
  color: #121212;
}

.c0 .RcTextFieldInput-root .sc-iTVIwl {
  display: none;
}

.c0 .RcTextFieldInput-input {
  font-size: 1rem;
  font-weight: 400;
  font-family: Lato,Helvetica,Arial,sans-serif;
  line-height: 24px;
}

.c0 .RcTextFieldInput-input::-webkit-input-placeholder {
  color: #757575;
  opacity: 1;
}

.c0 .RcTextFieldInput-input::-moz-placeholder {
  color: #757575;
  opacity: 1;
}

.c0 .RcTextFieldInput-input:-ms-input-placeholder {
  color: #757575;
  opacity: 1;
}

.c0 .RcTextFieldInput-input::placeholder {
  color: #757575;
  opacity: 1;
}

.c0 .RcTextFieldInput-underline:before {
  border-bottom-color: #939393;
}

.c0 .RcTextFieldInput-underline:after {
  border-bottom-color: #066FAC;
}

.c0 .RcTextFieldInput-error:after {
  border-bottom-color: #BE3933;
}

.c0 .RcTextFieldInput-disabled {
  color: #B9B9B9;
  -webkit-text-fill-color: #B9B9B9;
}

.c0 .RcTextFieldInput-disabled::-webkit-input-placeholder {
  color: #B9B9B9;
}

.c0 .RcTextFieldInput-disabled::-moz-placeholder {
  color: #B9B9B9;
}

.c0 .RcTextFieldInput-disabled:-ms-input-placeholder {
  color: #B9B9B9;
}

.c0 .RcTextFieldInput-disabled::placeholder {
  color: #B9B9B9;
}

.c0 .RcTextFieldInput-disabled:before {
  border-bottom-style: solid;
  border-bottom-color: #B9B9B9;
}

.c0 .RcTextFieldInput-disabled:after {
  border-bottom-style: none;
}

.c0 .RcTextFieldFormHelperText-root {
  font-size: 0.75rem;
  font-weight: 400;
  font-family: Lato,Helvetica,Arial,sans-serif;
  line-height: 16px;
  color: #666666;
}

.c0 .RcTextFieldFormHelperText-error {
  color: #BE3933;
}

.c0 .RcTextFieldFormHelperText-disabled {
  color: #B9B9B9;
}

.c0 .RcTextFieldInputLabel-error {
  color: #BE3933;
}

.c0 .RcTextFieldInputLabel-disabled {
  color: #B9B9B9;
}

.c0 input[type='search']::-ms-clear,
.c0 input[type='search']::-ms-reveal {
  display: none;
  width: 0;
  height: 0;
}

.c0 input[type='search']::-webkit-search-decoration,
.c0 input[type='search']::-webkit-search-cancel-button,
.c0 input[type='search']::-webkit-search-results-button,
.c0 input[type='search']::-webkit-search-results-decoration {
  display: none;
}

.c1 .RcTextareaInput-inputMultiline {
  margin: 4px 0 0 0;
  background: #F3F3F3;
}

.c1 .RcTextareaInput-root {
  padding: 0;
}

@media (hover:hover) and (pointer:fine) {
  .c0 .RcTextFieldInput-underline:hover:not(.RcTextFieldInput-disabled):before {
    border-bottom-color: #121212;
  }
}

@media (hover:hover) and (pointer:fine) {
  .c1 .RcTextareaInput-inputMultiline:hover {
    background: transparent;
  }
}

<div
    className="MuiFormControl-root MuiTextField-root RcTextField-root c0 c1"
  >
    <label
      className="MuiFormLabel-root MuiInputLabel-root RcTextFieldInputLabel-root MuiInputLabel-formControl MuiInputLabel-animated MuiInputLabel-shrink"
      data-shrink={true}
      htmlFor="Example id"
      id="Example id-label"
    >
      New Message
    </label>
    <div
      className="MuiInputBase-root MuiInput-root RcTextFieldInput-root RcTextareaInput-root MuiInput-underline RcTextFieldInput-underline MuiInputBase-formControl MuiInput-formControl MuiInputBase-multiline MuiInput-multiline"
      onClick={[Function]}
    >
      <textarea
        aria-invalid={false}
        autoFocus={false}
        className="MuiInputBase-input MuiInput-input RcTextFieldInput-input MuiInputBase-inputMultiline MuiInput-inputMultiline RcTextareaInput-inputMultiline"
        disabled={false}
        id="Example id"
        onAnimationStart={[Function]}
        onBlur={[Function]}
        onChange={[Function]}
        onFocus={[Function]}
        placeholder="placeholder"
        required={false}
        rows={3}
      />
    </div>
  </div>,
  @media (hover:hover) and (pointer:fine) {

}

@media (hover:hover) and (pointer:fine) {

}

<br />,
  @media (hover:hover) and (pointer:fine) {

}

@media (hover:hover) and (pointer:fine) {

}

<br />,
  .c0 {
  font-size: 1.5rem;
  font-weight: 400;
  font-family: Lato,Helvetica,Arial,sans-serif;
  line-height: 32px;
  color: #121212;
}

@media (hover:hover) and (pointer:fine) {

}

@media (hover:hover) and (pointer:fine) {

}

<h5
    className="MuiTypography-root c0 MuiTypography-paragraph MuiTypography-displayBlock"
    data-color="neutral.f06"
    data-variant="headline1"
  >
    UnControl
  </h5>,
  .c0 {
  width: 168px;
}

.c0 .sc-pNWxx {
  margin-left: 12px;
}

.c0 .RcTextFieldInputLabel-root {
  font-size: 0.75rem;
  font-weight: 700;
  font-family: Lato,Helvetica,Arial,sans-serif;
  line-height: 16px;
  color: #666666;
  -webkit-transform: scale(1);
  -ms-transform: scale(1);
  transform: scale(1);
}

.c0 .RcTextFieldInputLabel-focused {
  color: #066FAC;
}

.c0 .RcTextFieldInput-root {
  color: #121212;
}

.c0 .RcTextFieldInput-root .sc-iTVIwl {
  display: none;
}

.c0 .RcTextFieldInput-input {
  font-size: 1rem;
  font-weight: 400;
  font-family: Lato,Helvetica,Arial,sans-serif;
  line-height: 24px;
}

.c0 .RcTextFieldInput-input::-webkit-input-placeholder {
  color: #757575;
  opacity: 1;
}

.c0 .RcTextFieldInput-input::-moz-placeholder {
  color: #757575;
  opacity: 1;
}

.c0 .RcTextFieldInput-input:-ms-input-placeholder {
  color: #757575;
  opacity: 1;
}

.c0 .RcTextFieldInput-input::placeholder {
  color: #757575;
  opacity: 1;
}

.c0 .RcTextFieldInput-underline:before {
  border-bottom-color: #939393;
}

.c0 .RcTextFieldInput-underline:after {
  border-bottom-color: #066FAC;
}

.c0 .RcTextFieldInput-error:after {
  border-bottom-color: #BE3933;
}

.c0 .RcTextFieldInput-disabled {
  color: #B9B9B9;
  -webkit-text-fill-color: #B9B9B9;
}

.c0 .RcTextFieldInput-disabled::-webkit-input-placeholder {
  color: #B9B9B9;
}

.c0 .RcTextFieldInput-disabled::-moz-placeholder {
  color: #B9B9B9;
}

.c0 .RcTextFieldInput-disabled:-ms-input-placeholder {
  color: #B9B9B9;
}

.c0 .RcTextFieldInput-disabled::placeholder {
  color: #B9B9B9;
}

.c0 .RcTextFieldInput-disabled:before {
  border-bottom-style: solid;
  border-bottom-color: #B9B9B9;
}

.c0 .RcTextFieldInput-disabled:after {
  border-bottom-style: none;
}

.c0 .RcTextFieldFormHelperText-root {
  font-size: 0.75rem;
  font-weight: 400;
  font-family: Lato,Helvetica,Arial,sans-serif;
  line-height: 16px;
  color: #666666;
}

.c0 .RcTextFieldFormHelperText-error {
  color: #BE3933;
}

.c0 .RcTextFieldFormHelperText-disabled {
  color: #B9B9B9;
}

.c0 .RcTextFieldInputLabel-error {
  color: #BE3933;
}

.c0 .RcTextFieldInputLabel-disabled {
  color: #B9B9B9;
}

.c0 input[type='search']::-ms-clear,
.c0 input[type='search']::-ms-reveal {
  display: none;
  width: 0;
  height: 0;
}

.c0 input[type='search']::-webkit-search-decoration,
.c0 input[type='search']::-webkit-search-cancel-button,
.c0 input[type='search']::-webkit-search-results-button,
.c0 input[type='search']::-webkit-search-results-decoration {
  display: none;
}

.c1 .RcTextareaInput-inputMultiline {
  margin: 4px 0 0 0;
  background: #F3F3F3;
}

.c1 .RcTextareaInput-root {
  padding: 0;
}

@media (hover:hover) and (pointer:fine) {
  .c0 .RcTextFieldInput-underline:hover:not(.RcTextFieldInput-disabled):before {
    border-bottom-color: #121212;
  }
}

@media (hover:hover) and (pointer:fine) {
  .c1 .RcTextareaInput-inputMultiline:hover {
    background: transparent;
  }
}

<div
    className="MuiFormControl-root MuiTextField-root RcTextField-root c0 c1"
  >
    <label
      className="MuiFormLabel-root MuiInputLabel-root RcTextFieldInputLabel-root MuiInputLabel-formControl MuiInputLabel-animated MuiInputLabel-shrink"
      data-shrink={true}
      htmlFor="Example id"
      id="Example id-label"
    >
      New Message
    </label>
    <div
      className="MuiInputBase-root MuiInput-root RcTextFieldInput-root RcTextareaInput-root MuiInput-underline RcTextFieldInput-underline MuiInputBase-formControl MuiInput-formControl MuiInputBase-multiline MuiInput-multiline"
      onClick={[Function]}
    >
      <textarea
        aria-invalid={false}
        autoFocus={false}
        className="MuiInputBase-input MuiInput-input RcTextFieldInput-input MuiInputBase-inputMultiline MuiInput-inputMultiline RcTextareaInput-inputMultiline"
        disabled={false}
        id="Example id"
        onAnimationStart={[Function]}
        onBlur={[Function]}
        onChange={[Function]}
        onFocus={[Function]}
        placeholder="placeholder"
        required={false}
        rows={3}
      />
    </div>
  </div>,
]
`;

exports[`Storyshots ðŸš€ Cleanup Components/Forms/Textarea Textarea Examples 1`] = `
Array [
  .c0 {
  width: 168px;
}

.c0 .sc-pNWxx {
  margin-left: 12px;
}

.c0 .RcTextFieldInputLabel-root {
  font-size: 0.75rem;
  font-weight: 700;
  font-family: Lato,Helvetica,Arial,sans-serif;
  line-height: 16px;
  color: #666666;
  -webkit-transform: scale(1);
  -ms-transform: scale(1);
  transform: scale(1);
}

.c0 .RcTextFieldInputLabel-focused {
  color: #066FAC;
}

.c0 .RcTextFieldInput-root {
  color: #121212;
}

.c0 .RcTextFieldInput-root .sc-iTVIwl {
  display: none;
}

.c0 .RcTextFieldInput-focused .sc-iTVIwl {
  display: -webkit-inline-box;
  display: -webkit-inline-flex;
  display: -ms-inline-flexbox;
  display: inline-flex;
}

.c0 .RcTextFieldInput-input {
  font-size: 1rem;
  font-weight: 400;
  font-family: Lato,Helvetica,Arial,sans-serif;
  line-height: 24px;
}

.c0 .RcTextFieldInput-input::-webkit-input-placeholder {
  color: #757575;
  opacity: 1;
}

.c0 .RcTextFieldInput-input::-moz-placeholder {
  color: #757575;
  opacity: 1;
}

.c0 .RcTextFieldInput-input:-ms-input-placeholder {
  color: #757575;
  opacity: 1;
}

.c0 .RcTextFieldInput-input::placeholder {
  color: #757575;
  opacity: 1;
}

.c0 .RcTextFieldInput-underline:before {
  border-bottom-color: #939393;
}

.c0 .RcTextFieldInput-underline:after {
  border-bottom-color: #066FAC;
}

.c0 .RcTextFieldInput-error:after {
  border-bottom-color: #BE3933;
}

.c0 .RcTextFieldInput-disabled {
  color: #B9B9B9;
  -webkit-text-fill-color: #B9B9B9;
}

.c0 .RcTextFieldInput-disabled::-webkit-input-placeholder {
  color: #B9B9B9;
}

.c0 .RcTextFieldInput-disabled::-moz-placeholder {
  color: #B9B9B9;
}

.c0 .RcTextFieldInput-disabled:-ms-input-placeholder {
  color: #B9B9B9;
}

.c0 .RcTextFieldInput-disabled::placeholder {
  color: #B9B9B9;
}

.c0 .RcTextFieldInput-disabled:before {
  border-bottom-style: solid;
  border-bottom-color: #B9B9B9;
}

.c0 .RcTextFieldInput-disabled:after {
  border-bottom-style: none;
}

.c0 .RcTextFieldFormHelperText-root {
  font-size: 0.75rem;
  font-weight: 400;
  font-family: Lato,Helvetica,Arial,sans-serif;
  line-height: 16px;
  color: #666666;
}

.c0 .RcTextFieldFormHelperText-error {
  color: #BE3933;
}

.c0 .RcTextFieldFormHelperText-disabled {
  color: #B9B9B9;
}

.c0 .RcTextFieldInputLabel-error {
  color: #BE3933;
}

.c0 .RcTextFieldInputLabel-disabled {
  color: #B9B9B9;
}

.c0 input[type='search']::-ms-clear,
.c0 input[type='search']::-ms-reveal {
  display: none;
  width: 0;
  height: 0;
}

.c0 input[type='search']::-webkit-search-decoration,
.c0 input[type='search']::-webkit-search-cancel-button,
.c0 input[type='search']::-webkit-search-results-button,
.c0 input[type='search']::-webkit-search-results-decoration {
  display: none;
}

.c1 .RcTextareaInput-inputMultiline {
  margin: 4px 0 0 0;
  background: #F3F3F3;
}

.c1 .RcTextareaInput-root {
  padding: 0;
}

@media (hover:hover) and (pointer:fine) {
  .c0 .RcTextFieldInput-root:hover:not(.RcTextFieldInput-disabled) .sc-iTVIwl {
    display: -webkit-inline-box;
    display: -webkit-inline-flex;
    display: -ms-inline-flexbox;
    display: inline-flex;
  }
}

@media (hover:hover) and (pointer:fine) {
  .c0 .RcTextFieldInput-underline:hover:not(.RcTextFieldInput-disabled):before {
    border-bottom-color: #121212;
  }
}

@media (hover:hover) and (pointer:fine) {

}

@media (hover:hover) and (pointer:fine) {

}

@media (hover:hover) and (pointer:fine) {
  .c1 .RcTextareaInput-inputMultiline:hover {
    background: transparent;
  }
}

<div
    className="MuiFormControl-root MuiTextField-root RcTextField-root c0 c1"
  >
    <label
      className="MuiFormLabel-root MuiInputLabel-root RcTextFieldInputLabel-root MuiInputLabel-formControl MuiInputLabel-animated MuiInputLabel-shrink MuiFormLabel-filled"
      data-shrink={true}
    >
      Title
    </label>
    <div
      className="MuiInputBase-root MuiInput-root RcTextFieldInput-root RcTextareaInput-root MuiInput-underline RcTextFieldInput-underline MuiInputBase-formControl MuiInput-formControl MuiInputBase-multiline MuiInput-multiline"
      onClick={[Function]}
    >
      <textarea
        aria-invalid={false}
        autoFocus={false}
        className="MuiInputBase-input MuiInput-input RcTextFieldInput-input MuiInputBase-inputMultiline MuiInput-inputMultiline RcTextareaInput-inputMultiline"
        disabled={false}
        onAnimationStart={[Function]}
        onBlur={[Function]}
        onChange={[Function]}
        onFocus={[Function]}
        placeholder="what's your title?"
        required={false}
        rows={3}
        value="Example"
      />
    </div>
  </div>,
  @media (hover:hover) and (pointer:fine) {

}

@media (hover:hover) and (pointer:fine) {

}

@media (hover:hover) and (pointer:fine) {

}

@media (hover:hover) and (pointer:fine) {

}

@media (hover:hover) and (pointer:fine) {

}

<br />,
  .c0 .sc-pNWxx {
  margin-left: 12px;
}

.c0 .RcTextFieldInputLabel-root {
  font-size: 0.75rem;
  font-weight: 700;
  font-family: Lato,Helvetica,Arial,sans-serif;
  line-height: 16px;
  color: #666666;
  -webkit-transform: scale(1);
  -ms-transform: scale(1);
  transform: scale(1);
}

.c0 .RcTextFieldInputLabel-focused {
  color: #066FAC;
}

.c0 .RcTextFieldInput-root {
  color: #121212;
}

.c0 .RcTextFieldInput-root .sc-iTVIwl {
  display: none;
}

.c0 .RcTextFieldInput-focused .sc-iTVIwl {
  display: -webkit-inline-box;
  display: -webkit-inline-flex;
  display: -ms-inline-flexbox;
  display: inline-flex;
}

.c0 .RcTextFieldInput-input {
  font-size: 1rem;
  font-weight: 400;
  font-family: Lato,Helvetica,Arial,sans-serif;
  line-height: 24px;
}

.c0 .RcTextFieldInput-input::-webkit-input-placeholder {
  color: #757575;
  opacity: 1;
}

.c0 .RcTextFieldInput-input::-moz-placeholder {
  color: #757575;
  opacity: 1;
}

.c0 .RcTextFieldInput-input:-ms-input-placeholder {
  color: #757575;
  opacity: 1;
}

.c0 .RcTextFieldInput-input::placeholder {
  color: #757575;
  opacity: 1;
}

.c0 .RcTextFieldInput-underline:before {
  border-bottom-color: #939393;
}

.c0 .RcTextFieldInput-underline:after {
  border-bottom-color: #066FAC;
}

.c0 .RcTextFieldInput-error:after {
  border-bottom-color: #BE3933;
}

.c0 .RcTextFieldInput-disabled {
  color: #B9B9B9;
  -webkit-text-fill-color: #B9B9B9;
}

.c0 .RcTextFieldInput-disabled::-webkit-input-placeholder {
  color: #B9B9B9;
}

.c0 .RcTextFieldInput-disabled::-moz-placeholder {
  color: #B9B9B9;
}

.c0 .RcTextFieldInput-disabled:-ms-input-placeholder {
  color: #B9B9B9;
}

.c0 .RcTextFieldInput-disabled::placeholder {
  color: #B9B9B9;
}

.c0 .RcTextFieldInput-disabled:before {
  border-bottom-style: solid;
  border-bottom-color: #B9B9B9;
}

.c0 .RcTextFieldInput-disabled:after {
  border-bottom-style: none;
}

.c0 .RcTextFieldFormHelperText-root {
  font-size: 0.75rem;
  font-weight: 400;
  font-family: Lato,Helvetica,Arial,sans-serif;
  line-height: 16px;
  color: #666666;
}

.c0 .RcTextFieldFormHelperText-error {
  color: #BE3933;
}

.c0 .RcTextFieldFormHelperText-disabled {
  color: #B9B9B9;
}

.c0 .RcTextFieldInputLabel-error {
  color: #BE3933;
}

.c0 .RcTextFieldInputLabel-disabled {
  color: #B9B9B9;
}

.c0 input[type='search']::-ms-clear,
.c0 input[type='search']::-ms-reveal {
  display: none;
  width: 0;
  height: 0;
}

.c0 input[type='search']::-webkit-search-decoration,
.c0 input[type='search']::-webkit-search-cancel-button,
.c0 input[type='search']::-webkit-search-results-button,
.c0 input[type='search']::-webkit-search-results-decoration {
  display: none;
}

.c1 .RcTextareaInput-inputMultiline {
  margin: 4px 0 0 0;
  background: #F3F3F3;
}

.c1 .RcTextareaInput-root {
  padding: 0;
}

@media (hover:hover) and (pointer:fine) {

}

@media (hover:hover) and (pointer:fine) {

}

@media (hover:hover) and (pointer:fine) {
  .c0 .RcTextFieldInput-root:hover:not(.RcTextFieldInput-disabled) .sc-iTVIwl {
    display: -webkit-inline-box;
    display: -webkit-inline-flex;
    display: -ms-inline-flexbox;
    display: inline-flex;
  }
}

@media (hover:hover) and (pointer:fine) {
  .c0 .RcTextFieldInput-underline:hover:not(.RcTextFieldInput-disabled):before {
    border-bottom-color: #121212;
  }
}

@media (hover:hover) and (pointer:fine) {
  .c1 .RcTextareaInput-inputMultiline:hover {
    background: transparent;
  }
}

<div
    className="MuiFormControl-root MuiTextField-root RcTextField-root c0 c1 MuiFormControl-fullWidth"
  >
    <label
      className="MuiFormLabel-root MuiInputLabel-root RcTextFieldInputLabel-root MuiInputLabel-formControl MuiInputLabel-animated MuiInputLabel-shrink MuiFormLabel-filled"
      data-shrink={true}
    >
      Title
    </label>
    <div
      className="MuiInputBase-root MuiInput-root RcTextFieldInput-root RcTextareaInput-root MuiInput-underline RcTextFieldInput-underline MuiInputBase-fullWidth MuiInput-fullWidth MuiInputBase-formControl MuiInput-formControl MuiInputBase-multiline MuiInput-multiline"
      onClick={[Function]}
    >
      <textarea
        aria-invalid={false}
        autoFocus={false}
        className="MuiInputBase-input MuiInput-input RcTextFieldInput-input MuiInputBase-inputMultiline MuiInput-inputMultiline RcTextareaInput-inputMultiline"
        disabled={false}
        onAnimationStart={[Function]}
        onBlur={[Function]}
        onChange={[Function]}
        onFocus={[Function]}
        placeholder="what's your title?"
        required={false}
        rows={3}
        value="Example"
      />
    </div>
  </div>,
  @media (hover:hover) and (pointer:fine) {

}

@media (hover:hover) and (pointer:fine) {

}

@media (hover:hover) and (pointer:fine) {

}

@media (hover:hover) and (pointer:fine) {

}

@media (hover:hover) and (pointer:fine) {

}

<br />,
  .c0 {
  width: 168px;
}

.c0 .sc-pNWxx {
  margin-left: 12px;
}

.c0 .RcTextFieldInputLabel-root {
  font-size: 0.75rem;
  font-weight: 700;
  font-family: Lato,Helvetica,Arial,sans-serif;
  line-height: 16px;
  color: #666666;
  -webkit-transform: scale(1);
  -ms-transform: scale(1);
  transform: scale(1);
}

.c0 .RcTextFieldInputLabel-focused {
  color: #066FAC;
}

.c0 .RcTextFieldInput-root {
  color: #121212;
}

.c0 .RcTextFieldInput-root .sc-iTVIwl {
  display: none;
}

.c0 .RcTextFieldInput-focused .sc-iTVIwl {
  display: -webkit-inline-box;
  display: -webkit-inline-flex;
  display: -ms-inline-flexbox;
  display: inline-flex;
}

.c0 .RcTextFieldInput-input {
  font-size: 1rem;
  font-weight: 400;
  font-family: Lato,Helvetica,Arial,sans-serif;
  line-height: 24px;
}

.c0 .RcTextFieldInput-input::-webkit-input-placeholder {
  color: #757575;
  opacity: 1;
}

.c0 .RcTextFieldInput-input::-moz-placeholder {
  color: #757575;
  opacity: 1;
}

.c0 .RcTextFieldInput-input:-ms-input-placeholder {
  color: #757575;
  opacity: 1;
}

.c0 .RcTextFieldInput-input::placeholder {
  color: #757575;
  opacity: 1;
}

.c0 .RcTextFieldInput-underline:before {
  border-bottom-color: #939393;
}

.c0 .RcTextFieldInput-underline:after {
  border-bottom-color: #066FAC;
}

.c0 .RcTextFieldInput-error:after {
  border-bottom-color: #BE3933;
}

.c0 .RcTextFieldInput-disabled {
  color: #B9B9B9;
  -webkit-text-fill-color: #B9B9B9;
}

.c0 .RcTextFieldInput-disabled::-webkit-input-placeholder {
  color: #B9B9B9;
}

.c0 .RcTextFieldInput-disabled::-moz-placeholder {
  color: #B9B9B9;
}

.c0 .RcTextFieldInput-disabled:-ms-input-placeholder {
  color: #B9B9B9;
}

.c0 .RcTextFieldInput-disabled::placeholder {
  color: #B9B9B9;
}

.c0 .RcTextFieldInput-disabled:before {
  border-bottom-style: solid;
  border-bottom-color: #B9B9B9;
}

.c0 .RcTextFieldInput-disabled:after {
  border-bottom-style: none;
}

.c0 .RcTextFieldFormHelperText-root {
  font-size: 0.75rem;
  font-weight: 400;
  font-family: Lato,Helvetica,Arial,sans-serif;
  line-height: 16px;
  color: #666666;
}

.c0 .RcTextFieldFormHelperText-error {
  color: #BE3933;
}

.c0 .RcTextFieldFormHelperText-disabled {
  color: #B9B9B9;
}

.c0 .RcTextFieldInputLabel-error {
  color: #BE3933;
}

.c0 .RcTextFieldInputLabel-disabled {
  color: #B9B9B9;
}

.c0 input[type='search']::-ms-clear,
.c0 input[type='search']::-ms-reveal {
  display: none;
  width: 0;
  height: 0;
}

.c0 input[type='search']::-webkit-search-decoration,
.c0 input[type='search']::-webkit-search-cancel-button,
.c0 input[type='search']::-webkit-search-results-button,
.c0 input[type='search']::-webkit-search-results-decoration {
  display: none;
}

.c1 .RcTextareaInput-inputMultiline {
  margin: 4px 0 0 0;
  background: #F3F3F3;
}

.c1 .RcTextareaInput-root {
  padding: 0;
}

@media (hover:hover) and (pointer:fine) {
  .c0 .RcTextFieldInput-root:hover:not(.RcTextFieldInput-disabled) .sc-iTVIwl {
    display: -webkit-inline-box;
    display: -webkit-inline-flex;
    display: -ms-inline-flexbox;
    display: inline-flex;
  }
}

@media (hover:hover) and (pointer:fine) {
  .c0 .RcTextFieldInput-underline:hover:not(.RcTextFieldInput-disabled):before {
    border-bottom-color: #121212;
  }
}

@media (hover:hover) and (pointer:fine) {

}

@media (hover:hover) and (pointer:fine) {

}

@media (hover:hover) and (pointer:fine) {
  .c1 .RcTextareaInput-inputMultiline:hover {
    background: transparent;
  }
}

<div
    className="MuiFormControl-root MuiTextField-root RcTextField-root c0 c1"
  >
    <label
      className="MuiFormLabel-root MuiInputLabel-root RcTextFieldInputLabel-root MuiInputLabel-formControl MuiInputLabel-animated MuiInputLabel-shrink MuiFormLabel-filled Mui-focused Mui-focused RcTextFieldInputLabel-focused"
      data-shrink={true}
    >
      Title
    </label>
    <div
      className="MuiInputBase-root MuiInput-root RcTextFieldInput-root RcTextareaInput-root MuiInput-underline RcTextFieldInput-underline Mui-focused Mui-focused RcTextFieldInput-focused MuiInputBase-formControl MuiInput-formControl MuiInputBase-multiline MuiInput-multiline"
      onClick={[Function]}
    >
      <textarea
        aria-invalid={false}
        autoFocus={false}
        className="MuiInputBase-input MuiInput-input RcTextFieldInput-input MuiInputBase-inputMultiline MuiInput-inputMultiline RcTextareaInput-inputMultiline"
        disabled={false}
        onAnimationStart={[Function]}
        onBlur={[Function]}
        onChange={[Function]}
        onFocus={[Function]}
        placeholder="what's your title?"
        required={false}
        rows={3}
        value="Example"
      />
    </div>
  </div>,
  @media (hover:hover) and (pointer:fine) {

}

@media (hover:hover) and (pointer:fine) {

}

@media (hover:hover) and (pointer:fine) {

}

@media (hover:hover) and (pointer:fine) {

}

@media (hover:hover) and (pointer:fine) {

}

<br />,
  .c0 {
  width: 168px;
}

.c0 .sc-pNWxx {
  margin-left: 12px;
}

.c0 .RcTextFieldInputLabel-root {
  font-size: 0.75rem;
  font-weight: 700;
  font-family: Lato,Helvetica,Arial,sans-serif;
  line-height: 16px;
  color: #666666;
  -webkit-transform: scale(1);
  -ms-transform: scale(1);
  transform: scale(1);
}

.c0 .RcTextFieldInputLabel-focused {
  color: #066FAC;
}

.c0 .RcTextFieldInput-root {
  color: #121212;
}

.c0 .RcTextFieldInput-root .sc-iTVIwl {
  display: none;
}

.c0 .RcTextFieldInput-focused .sc-iTVIwl {
  display: -webkit-inline-box;
  display: -webkit-inline-flex;
  display: -ms-inline-flexbox;
  display: inline-flex;
}

.c0 .RcTextFieldInput-input {
  font-size: 1rem;
  font-weight: 400;
  font-family: Lato,Helvetica,Arial,sans-serif;
  line-height: 24px;
}

.c0 .RcTextFieldInput-input::-webkit-input-placeholder {
  color: #757575;
  opacity: 1;
}

.c0 .RcTextFieldInput-input::-moz-placeholder {
  color: #757575;
  opacity: 1;
}

.c0 .RcTextFieldInput-input:-ms-input-placeholder {
  color: #757575;
  opacity: 1;
}

.c0 .RcTextFieldInput-input::placeholder {
  color: #757575;
  opacity: 1;
}

.c0 .RcTextFieldInput-underline:before {
  border-bottom-color: #939393;
}

.c0 .RcTextFieldInput-underline:after {
  border-bottom-color: #066FAC;
}

.c0 .RcTextFieldInput-error:after {
  border-bottom-color: #BE3933;
}

.c0 .RcTextFieldInput-disabled {
  color: #B9B9B9;
  -webkit-text-fill-color: #B9B9B9;
}

.c0 .RcTextFieldInput-disabled::-webkit-input-placeholder {
  color: #B9B9B9;
}

.c0 .RcTextFieldInput-disabled::-moz-placeholder {
  color: #B9B9B9;
}

.c0 .RcTextFieldInput-disabled:-ms-input-placeholder {
  color: #B9B9B9;
}

.c0 .RcTextFieldInput-disabled::placeholder {
  color: #B9B9B9;
}

.c0 .RcTextFieldInput-disabled:before {
  border-bottom-style: solid;
  border-bottom-color: #B9B9B9;
}

.c0 .RcTextFieldInput-disabled:after {
  border-bottom-style: none;
}

.c0 .RcTextFieldFormHelperText-root {
  font-size: 0.75rem;
  font-weight: 400;
  font-family: Lato,Helvetica,Arial,sans-serif;
  line-height: 16px;
  color: #666666;
}

.c0 .RcTextFieldFormHelperText-error {
  color: #BE3933;
}

.c0 .RcTextFieldFormHelperText-disabled {
  color: #B9B9B9;
}

.c0 .RcTextFieldInputLabel-error {
  color: #BE3933;
}

.c0 .RcTextFieldInputLabel-disabled {
  color: #B9B9B9;
}

.c0 input[type='search']::-ms-clear,
.c0 input[type='search']::-ms-reveal {
  display: none;
  width: 0;
  height: 0;
}

.c0 input[type='search']::-webkit-search-decoration,
.c0 input[type='search']::-webkit-search-cancel-button,
.c0 input[type='search']::-webkit-search-results-button,
.c0 input[type='search']::-webkit-search-results-decoration {
  display: none;
}

.c1 .RcTextareaInput-inputMultiline {
  margin: 4px 0 0 0;
  background: #F3F3F3;
}

.c1 .RcTextareaInput-root {
  padding: 0;
}

@media (hover:hover) and (pointer:fine) {
  .c0 .RcTextFieldInput-root:hover:not(.RcTextFieldInput-disabled) .sc-iTVIwl {
    display: -webkit-inline-box;
    display: -webkit-inline-flex;
    display: -ms-inline-flexbox;
    display: inline-flex;
  }
}

@media (hover:hover) and (pointer:fine) {
  .c0 .RcTextFieldInput-underline:hover:not(.RcTextFieldInput-disabled):before {
    border-bottom-color: #121212;
  }
}

@media (hover:hover) and (pointer:fine) {

}

@media (hover:hover) and (pointer:fine) {

}

@media (hover:hover) and (pointer:fine) {
  .c1 .RcTextareaInput-inputMultiline:hover {
    background: transparent;
  }
}

<div
    className="MuiFormControl-root MuiTextField-root RcTextField-root c0 c1"
  >
    <label
      className="MuiFormLabel-root MuiInputLabel-root RcTextFieldInputLabel-root MuiInputLabel-formControl MuiInputLabel-animated MuiInputLabel-shrink Mui-error Mui-error RcTextFieldInputLabel-error MuiFormLabel-filled"
      data-shrink={true}
    >
      Title
    </label>
    <div
      className="MuiInputBase-root MuiInput-root RcTextFieldInput-root RcTextareaInput-root MuiInput-underline RcTextFieldInput-underline Mui-error Mui-error RcTextFieldInput-error MuiInputBase-formControl MuiInput-formControl MuiInputBase-multiline MuiInput-multiline"
      onClick={[Function]}
    >
      <textarea
        aria-invalid={true}
        autoFocus={false}
        className="MuiInputBase-input MuiInput-input RcTextFieldInput-input MuiInputBase-inputMultiline MuiInput-inputMultiline RcTextareaInput-inputMultiline"
        disabled={false}
        onAnimationStart={[Function]}
        onBlur={[Function]}
        onChange={[Function]}
        onFocus={[Function]}
        placeholder="what's your title?"
        required={false}
        rows={3}
        value="Example"
      />
    </div>
  </div>,
  @media (hover:hover) and (pointer:fine) {

}

@media (hover:hover) and (pointer:fine) {

}

@media (hover:hover) and (pointer:fine) {

}

@media (hover:hover) and (pointer:fine) {

}

@media (hover:hover) and (pointer:fine) {

}

<br />,
  .c0 {
  width: 168px;
}

.c0 .sc-pNWxx {
  margin-left: 12px;
}

.c0 .RcTextFieldInputLabel-root {
  font-size: 0.75rem;
  font-weight: 700;
  font-family: Lato,Helvetica,Arial,sans-serif;
  line-height: 16px;
  color: #666666;
  -webkit-transform: scale(1);
  -ms-transform: scale(1);
  transform: scale(1);
}

.c0 .RcTextFieldInputLabel-focused {
  color: #066FAC;
}

.c0 .RcTextFieldInput-root {
  color: #121212;
}

.c0 .RcTextFieldInput-root .sc-iTVIwl {
  display: none;
}

.c0 .RcTextFieldInput-focused .sc-iTVIwl {
  display: -webkit-inline-box;
  display: -webkit-inline-flex;
  display: -ms-inline-flexbox;
  display: inline-flex;
}

.c0 .RcTextFieldInput-input {
  font-size: 1rem;
  font-weight: 400;
  font-family: Lato,Helvetica,Arial,sans-serif;
  line-height: 24px;
}

.c0 .RcTextFieldInput-input::-webkit-input-placeholder {
  color: #757575;
  opacity: 1;
}

.c0 .RcTextFieldInput-input::-moz-placeholder {
  color: #757575;
  opacity: 1;
}

.c0 .RcTextFieldInput-input:-ms-input-placeholder {
  color: #757575;
  opacity: 1;
}

.c0 .RcTextFieldInput-input::placeholder {
  color: #757575;
  opacity: 1;
}

.c0 .RcTextFieldInput-underline:before {
  border-bottom-color: #939393;
}

.c0 .RcTextFieldInput-underline:after {
  border-bottom-color: #066FAC;
}

.c0 .RcTextFieldInput-error:after {
  border-bottom-color: #BE3933;
}

.c0 .RcTextFieldInput-disabled {
  color: #B9B9B9;
  -webkit-text-fill-color: #B9B9B9;
}

.c0 .RcTextFieldInput-disabled::-webkit-input-placeholder {
  color: #B9B9B9;
}

.c0 .RcTextFieldInput-disabled::-moz-placeholder {
  color: #B9B9B9;
}

.c0 .RcTextFieldInput-disabled:-ms-input-placeholder {
  color: #B9B9B9;
}

.c0 .RcTextFieldInput-disabled::placeholder {
  color: #B9B9B9;
}

.c0 .RcTextFieldInput-disabled:before {
  border-bottom-style: solid;
  border-bottom-color: #B9B9B9;
}

.c0 .RcTextFieldInput-disabled:after {
  border-bottom-style: none;
}

.c0 .RcTextFieldFormHelperText-root {
  font-size: 0.75rem;
  font-weight: 400;
  font-family: Lato,Helvetica,Arial,sans-serif;
  line-height: 16px;
  color: #666666;
}

.c0 .RcTextFieldFormHelperText-error {
  color: #BE3933;
}

.c0 .RcTextFieldFormHelperText-disabled {
  color: #B9B9B9;
}

.c0 .RcTextFieldInputLabel-error {
  color: #BE3933;
}

.c0 .RcTextFieldInputLabel-disabled {
  color: #B9B9B9;
}

.c0 input[type='search']::-ms-clear,
.c0 input[type='search']::-ms-reveal {
  display: none;
  width: 0;
  height: 0;
}

.c0 input[type='search']::-webkit-search-decoration,
.c0 input[type='search']::-webkit-search-cancel-button,
.c0 input[type='search']::-webkit-search-results-button,
.c0 input[type='search']::-webkit-search-results-decoration {
  display: none;
}

.c1 .RcTextareaInput-inputMultiline {
  margin: 4px 0 0 0;
  background: #F3F3F3;
}

.c1 .RcTextareaInput-root {
  padding: 0;
}

@media (hover:hover) and (pointer:fine) {
  .c0 .RcTextFieldInput-root:hover:not(.RcTextFieldInput-disabled) .sc-iTVIwl {
    display: -webkit-inline-box;
    display: -webkit-inline-flex;
    display: -ms-inline-flexbox;
    display: inline-flex;
  }
}

@media (hover:hover) and (pointer:fine) {
  .c0 .RcTextFieldInput-underline:hover:not(.RcTextFieldInput-disabled):before {
    border-bottom-color: #121212;
  }
}

@media (hover:hover) and (pointer:fine) {

}

@media (hover:hover) and (pointer:fine) {

}

@media (hover:hover) and (pointer:fine) {

}

<div
    className="MuiFormControl-root MuiTextField-root RcTextField-root c0 c1"
  >
    <label
      className="MuiFormLabel-root MuiInputLabel-root RcTextFieldInputLabel-root MuiInputLabel-formControl MuiInputLabel-animated MuiInputLabel-shrink Mui-disabled Mui-disabled RcTextFieldInputLabel-disabled MuiFormLabel-filled"
      data-shrink={true}
    >
      Title
    </label>
    <div
      className="MuiInputBase-root MuiInput-root RcTextFieldInput-root RcTextareaInput-root MuiInput-underline RcTextFieldInput-underline Mui-disabled Mui-disabled RcTextFieldInput-disabled MuiInputBase-formControl MuiInput-formControl MuiInputBase-multiline MuiInput-multiline"
      onClick={[Function]}
    >
      <textarea
        aria-invalid={false}
        autoFocus={false}
        className="MuiInputBase-input MuiInput-input RcTextFieldInput-input Mui-disabled Mui-disabled RcTextFieldInput-disabled MuiInputBase-inputMultiline MuiInput-inputMultiline RcTextareaInput-inputMultiline"
        disabled={true}
        onAnimationStart={[Function]}
        onBlur={[Function]}
        onChange={[Function]}
        onFocus={[Function]}
        placeholder="what's your title?"
        required={false}
        rows={3}
        value="Example"
      />
    </div>
  </div>,
]
`;
