// Jest Snapshot v1, https://goo.gl/fbAQLP

exports[`Storyshots ðŸš€ Cleanup Components/AppBar AppBar 1`] = `
.c0 {
  height: 56px;
  background-color: #FFFFFF;
  background: linear-gradient( to right, #066FAC, #509AC4 );
  border-bottom: 1px solid rgba(0,0,0,0.12);
  z-index: 1210;
}

<header
  className="MuiPaper-root MuiAppBar-root MuiAppBar-positionStatic MuiAppBar-colorPrimary c0 MuiPaper-elevation0"
/>
`;
