// Jest Snapshot v1, https://goo.gl/fbAQLP

exports[`Storyshots ðŸš€ Cleanup Components/Grid/Grid Item Grid Item 1`] = `
<div
  className="MuiGrid-root MuiGrid-container"
>
  <div
    className="MuiGrid-root MuiGrid-item MuiGrid-grid-xs-1 MuiGrid-grid-sm-2 MuiGrid-grid-md-3 MuiGrid-grid-lg-4 MuiGrid-grid-xl-5"
  >
    <div
      className="MuiPaper-root MuiPaper-elevation1 MuiPaper-rounded"
    >
      0
    </div>
  </div>
  <div
    className="MuiGrid-root MuiGrid-item MuiGrid-grid-xs-1 MuiGrid-grid-sm-2 MuiGrid-grid-md-3 MuiGrid-grid-lg-4 MuiGrid-grid-xl-5"
  >
    <div
      className="MuiPaper-root MuiPaper-elevation1 MuiPaper-rounded"
    >
      1
    </div>
  </div>
  <div
    className="MuiGrid-root MuiGrid-item MuiGrid-grid-xs-1 MuiGrid-grid-sm-2 MuiGrid-grid-md-3 MuiGrid-grid-lg-4 MuiGrid-grid-xl-5"
  >
    <div
      className="MuiPaper-root MuiPaper-elevation1 MuiPaper-rounded"
    >
      2
    </div>
  </div>
  <div
    className="MuiGrid-root MuiGrid-item MuiGrid-grid-xs-1 MuiGrid-grid-sm-2 MuiGrid-grid-md-3 MuiGrid-grid-lg-4 MuiGrid-grid-xl-5"
  >
    <div
      className="MuiPaper-root MuiPaper-elevation1 MuiPaper-rounded"
    >
      3
    </div>
  </div>
  <div
    className="MuiGrid-root MuiGrid-item MuiGrid-grid-xs-1 MuiGrid-grid-sm-2 MuiGrid-grid-md-3 MuiGrid-grid-lg-4 MuiGrid-grid-xl-5"
  >
    <div
      className="MuiPaper-root MuiPaper-elevation1 MuiPaper-rounded"
    >
      4
    </div>
  </div>
  <div
    className="MuiGrid-root MuiGrid-item MuiGrid-grid-xs-1 MuiGrid-grid-sm-2 MuiGrid-grid-md-3 MuiGrid-grid-lg-4 MuiGrid-grid-xl-5"
  >
    <div
      className="MuiPaper-root MuiPaper-elevation1 MuiPaper-rounded"
    >
      5
    </div>
  </div>
</div>
`;
