// Jest Snapshot v1, https://goo.gl/fbAQLP

exports[`Storyshots ðŸ”§ Foundation/Hooks/useForkRef useForkRef 1`] = `
.c0 {
  font-size: 1.5rem;
  font-weight: 400;
  font-family: Lato,Helvetica,Arial,sans-serif;
  line-height: 32px;
  color: #121212;
}

<div>
  <h5
    className="MuiTypography-root c0 MuiTypography-paragraph MuiTypography-displayBlock"
    data-color="neutral.f06"
    data-variant="headline1"
  >
    view console to get ref value
  </h5>
</div>
`;
