// Jest Snapshot v1, https://goo.gl/fbAQLP

exports[`Storyshots ðŸ”§ Foundation/Hooks/useTouchMouseEvent useTouchMouseEvent 1`] = `
.c0 {
  text-transform: none;
  font-size: 0.9375rem;
  font-weight: 700;
  font-family: Lato,Helvetica,Arial,sans-serif;
  text-align: center;
  box-shadow: unset;
  min-width: 96px;
  min-height: 36px;
  padding: 0px 16px;
}

.c0 .RcButton-startIcon {
  margin-right: 8px;
}

.c0 .RcButton-endIcon {
  margin-left: 8px;
}

.c0.RcButton-text {
  color: #066FAC;
}

.c0.RcButton-text.RcButton-disabled {
  color: #B9B9B9;
}

.c0.RcButton-contained {
  color: #fff;
  background-color: #066FAC;
}

.c0.RcButton-contained.RcButton-disabled {
  background-color: #B9B9B9;
  color: #FFFFFF;
}

.c0.RcButton-outlined {
  color: #066FAC;
  border-color: #066FAC;
  padding: 0px 15px;
}

.c0.RcButton-outlined.RcButton-disabled {
  color: #B9B9B9;
  border-color: #B9B9B9;
}

.c0.RcButton-outlined:after {
  top: -1px;
  bottom: -1px;
  left: -1px;
  right: -1px;
  border: 1px solid transparent;
}

@media (hover:hover) and (pointer:fine) {
  .c0.RcButton-text:hover {
    background-color: rgba(6,111,172,0.08);
  }
}

@media (hover:hover) and (pointer:fine) {
  .c0.RcButton-contained:hover {
    background-color: rgba(6,111,172,0.92);
  }
}

@media (hover:hover) and (pointer:fine) {
  .c0.RcButton-outlined:hover {
    background-color: rgba(6,111,172,0.08);
  }
}

<button
  className="MuiButtonBase-root MuiButton-root MuiButton-contained RcButton-contained c0"
  disabled={false}
  onBlur={[Function]}
  onDragLeave={[Function]}
  onFocus={[Function]}
  onKeyDown={[Function]}
  onKeyUp={[Function]}
  onMouseDown={[Function]}
  onMouseLeave={[Function]}
  onMouseUp={[Function]}
  onTouchEnd={[Function]}
  onTouchMove={[Function]}
  onTouchStart={[Function]}
  tabIndex={0}
  type="button"
>
  <span
    className="MuiButton-label"
  >
    Trigger event
  </span>
</button>
`;
