// Jest Snapshot v1, https://goo.gl/fbAQLP

exports[`Storyshots ðŸš€ Cleanup Components/Buttons/ToggleButtonGroup/ToggleButton ToggleButton 1`] = `
Array [
  .c0 {
  font-size: 1.5rem;
  font-weight: 400;
  font-family: Lato,Helvetica,Arial,sans-serif;
  line-height: 32px;
  color: #121212;
}

@media (hover:hover) and (pointer:fine) {

}

@media (hover:hover) and (pointer:fine) {

}

<h5
    className="MuiTypography-root c0 MuiTypography-paragraph MuiTypography-displayBlock"
    data-color="neutral.f06"
    data-variant="headline1"
  >
    ToggleButton should use with RcToggleButton
  </h5>,
  .c2 {
  width: 1em;
  height: 1em;
  stroke-width: 0;
  stroke: currentColor;
  fill: currentColor;
  pointer-events: none;
}

.c1 {
  display: -webkit-inline-box;
  display: -webkit-inline-flex;
  display: -ms-inline-flexbox;
  display: inline-flex;
  font-size: inherit;
}

.c0 {
  color: #666666;
  border: unset;
  padding: 4px;
}

.c0.RcToggleButton-selected {
  color: #066FAC;
}

.c0.RcToggleButton-disabled {
  color: #939393;
}

.c0 .RcToggleButton-label {
  position: relative;
  font-size: 20px;
}

.c0.focus-visible:after,
.c0[data-focus-visible-added]:after {
  content: '';
  position: absolute;
  top: 0;
  right: 0;
  bottom: 0;
  left: 0;
  box-shadow: inset 0 0 0 1px #066FAC;
  border-radius: 2px;
  pointer-events: none;
}

.c0:active {
  background-color: rgba(102,102,102,0.12);
}

.c0.RcToggleButton-selected,
.c0.RcToggleButton-selected:hover {
  background-color: rgba(6,111,172,0.12);
}

@media (hover:hover) and (pointer:fine) {
  .c0:hover {
    color: #121212;
  }
}

@media (hover:hover) and (pointer:fine) {
  .c0:hover {
    background-color: rgba(102,102,102,0.08);
  }
}

<button
    className="MuiButtonBase-root MuiToggleButton-root c0"
    disabled={false}
    onBlur={[Function]}
    onClick={[Function]}
    onDragLeave={[Function]}
    onFocus={[Function]}
    onKeyDown={[Function]}
    onKeyUp={[Function]}
    onMouseDown={[Function]}
    onMouseLeave={[Function]}
    onMouseUp={[Function]}
    onTouchEnd={[Function]}
    onTouchMove={[Function]}
    onTouchStart={[Function]}
    tabIndex={0}
    type="button"
    value="justify"
  >
    <span
      className="MuiToggleButton-label RcToggleButton-label"
    >
      <span
        className="c1 align-justify icon"
      >
        <svg
          className="c2"
          viewBox="0 0 32 32"
          xmlns="http://www.w3.org/2000/svg"
        >
          <path
            d="M27 24a1 1 0 0 1 0 2H5a1 1 0 0 1 0-2h22zm0-9a1 1 0 0 1 0 2H5a1 1 0 0 1 0-2h22zm0-9a1 1 0 0 1 0 2H5a1 1 0 0 1 0-2h22z"
          />
        </svg>
        
      </span>
    </span>
  </button>,
]
`;
