// Jest Snapshot v1, https://goo.gl/fbAQLP

exports[`Storyshots ðŸš€ Cleanup Components/Virtuoso Virtuoso Example 1`] = `
<div
  data-test-id="virtuoso-scroller"
  data-virtuoso-scroller={true}
  style={
    Object {
      "WebkitOverflowScrolling": "touch",
      "height": "200px",
      "outline": "none",
      "overflowY": "auto",
      "position": "relative",
    }
  }
  tabIndex={0}
>
  <div
    data-viewport-type="element"
    style={
      Object {
        "height": "100%",
        "position": "absolute",
        "top": 0,
        "width": "100%",
      }
    }
  >
    <div
      data-test-id="virtuoso-item-list"
      style={
        Object {
          "boxSizing": "border-box",
          "marginTop": 0,
          "paddingBottom": 0,
          "paddingTop": 0,
        }
      }
    />
  </div>
</div>
`;
