// Jest Snapshot v1, https://goo.gl/fbAQLP

exports[`Storyshots ðŸš€ Cleanup Components/Tabs/TabContext/TabList TabList 1`] = `
Array [
  .c1 {
  text-transform: none;
  box-sizing: border-box;
  font-size: 0.9375rem;
  font-weight: 400;
  font-family: Lato,Helvetica,Arial,sans-serif;
  line-height: 22px;
  color: #121212;
  min-height: 32px;
  min-width: 32px;
}

.c1.RcTab-selected {
  font-size: 0.9375rem;
  font-weight: 700;
  font-family: Lato,Helvetica,Arial,sans-serif;
  line-height: 22px;
  color: #066FAC;
}

.c0 {
  min-height: auto;
}

.c0 .RcTabs-indicator {
  background-color: #066FAC;
}

<div
    className="MuiPaper-root MuiPaper-elevation1"
  >
    <div
      className="MuiTabs-root c0 "
    >
      <div
        className="MuiTabs-scroller MuiTabs-fixed"
        onScroll={[Function]}
        style={
          Object {
            "marginBottom": null,
            "overflow": "hidden",
          }
        }
      >
        <div
          aria-label="simple tabs example"
          className="MuiTabs-flexContainer"
          onKeyDown={[Function]}
          role="tablist"
        >
          <button
            aria-controls={null}
            aria-selected={true}
            className="MuiButtonBase-root MuiTab-root MuiTab-textColorPrimary c1 Mui-selected RcTab-selected"
            disabled={false}
            id={null}
            onBlur={[Function]}
            onClick={[Function]}
            onDragLeave={[Function]}
            onFocus={[Function]}
            onKeyDown={[Function]}
            onKeyUp={[Function]}
            onMouseDown={[Function]}
            onMouseLeave={[Function]}
            onMouseUp={[Function]}
            onTouchEnd={[Function]}
            onTouchMove={[Function]}
            onTouchStart={[Function]}
            role="tab"
            size="small"
            tabIndex={0}
            type="button"
          >
            <span
              className="MuiTab-wrapper RcTab-wrapper"
            >
              Tab 0
            </span>
            <span
              className="PrivateTabIndicator-root-187 PrivateTabIndicator-colorPrimary-188 MuiTabs-indicator RcTabs-indicator"
              style={Object {}}
            />
          </button>
          <button
            aria-controls={null}
            aria-selected={false}
            className="MuiButtonBase-root MuiTab-root MuiTab-textColorPrimary c1"
            disabled={false}
            id={null}
            onBlur={[Function]}
            onClick={[Function]}
            onDragLeave={[Function]}
            onFocus={[Function]}
            onKeyDown={[Function]}
            onKeyUp={[Function]}
            onMouseDown={[Function]}
            onMouseLeave={[Function]}
            onMouseUp={[Function]}
            onTouchEnd={[Function]}
            onTouchMove={[Function]}
            onTouchStart={[Function]}
            role="tab"
            size="small"
            tabIndex={-1}
            type="button"
          >
            <span
              className="MuiTab-wrapper RcTab-wrapper"
            >
              Tab 1
            </span>
          </button>
          <button
            aria-controls={null}
            aria-selected={false}
            className="MuiButtonBase-root MuiTab-root MuiTab-textColorPrimary c1"
            disabled={false}
            id={null}
            onBlur={[Function]}
            onClick={[Function]}
            onDragLeave={[Function]}
            onFocus={[Function]}
            onKeyDown={[Function]}
            onKeyUp={[Function]}
            onMouseDown={[Function]}
            onMouseLeave={[Function]}
            onMouseUp={[Function]}
            onTouchEnd={[Function]}
            onTouchMove={[Function]}
            onTouchStart={[Function]}
            role="tab"
            size="small"
            tabIndex={-1}
            type="button"
          >
            <span
              className="MuiTab-wrapper RcTab-wrapper"
            >
              Tab 2
            </span>
          </button>
          <button
            aria-controls={null}
            aria-selected={false}
            className="MuiButtonBase-root MuiTab-root MuiTab-textColorPrimary c1"
            disabled={false}
            id={null}
            onBlur={[Function]}
            onClick={[Function]}
            onDragLeave={[Function]}
            onFocus={[Function]}
            onKeyDown={[Function]}
            onKeyUp={[Function]}
            onMouseDown={[Function]}
            onMouseLeave={[Function]}
            onMouseUp={[Function]}
            onTouchEnd={[Function]}
            onTouchMove={[Function]}
            onTouchStart={[Function]}
            role="tab"
            size="small"
            tabIndex={-1}
            type="button"
          >
            <span
              className="MuiTab-wrapper RcTab-wrapper"
            >
              Tab 3
            </span>
          </button>
          <button
            aria-controls={null}
            aria-selected={false}
            className="MuiButtonBase-root MuiTab-root MuiTab-textColorPrimary c1"
            disabled={false}
            id={null}
            onBlur={[Function]}
            onClick={[Function]}
            onDragLeave={[Function]}
            onFocus={[Function]}
            onKeyDown={[Function]}
            onKeyUp={[Function]}
            onMouseDown={[Function]}
            onMouseLeave={[Function]}
            onMouseUp={[Function]}
            onTouchEnd={[Function]}
            onTouchMove={[Function]}
            onTouchStart={[Function]}
            role="tab"
            size="small"
            tabIndex={-1}
            type="button"
          >
            <span
              className="MuiTab-wrapper RcTab-wrapper"
            >
              Tab 4
            </span>
          </button>
          <button
            aria-controls={null}
            aria-selected={false}
            className="MuiButtonBase-root MuiTab-root MuiTab-textColorPrimary c1 Mui-disabled Mui-disabled"
            disabled={true}
            id={null}
            onBlur={[Function]}
            onClick={[Function]}
            onDragLeave={[Function]}
            onFocus={[Function]}
            onKeyDown={[Function]}
            onKeyUp={[Function]}
            onMouseDown={[Function]}
            onMouseLeave={[Function]}
            onMouseUp={[Function]}
            onTouchEnd={[Function]}
            onTouchMove={[Function]}
            onTouchStart={[Function]}
            role="tab"
            size="small"
            tabIndex={-1}
            type="button"
          >
            <span
              className="MuiTab-wrapper RcTab-wrapper"
            >
              Tab 5
            </span>
          </button>
          <button
            aria-controls={null}
            aria-selected={false}
            className="MuiButtonBase-root MuiTab-root MuiTab-textColorPrimary c1"
            disabled={false}
            id={null}
            onBlur={[Function]}
            onClick={[Function]}
            onDragLeave={[Function]}
            onFocus={[Function]}
            onKeyDown={[Function]}
            onKeyUp={[Function]}
            onMouseDown={[Function]}
            onMouseLeave={[Function]}
            onMouseUp={[Function]}
            onTouchEnd={[Function]}
            onTouchMove={[Function]}
            onTouchStart={[Function]}
            role="tab"
            size="small"
            tabIndex={-1}
            type="button"
          >
            <span
              className="MuiTab-wrapper RcTab-wrapper"
            >
              Tab 6
            </span>
          </button>
          <button
            aria-controls={null}
            aria-selected={false}
            className="MuiButtonBase-root MuiTab-root MuiTab-textColorPrimary c1"
            disabled={false}
            id={null}
            onBlur={[Function]}
            onClick={[Function]}
            onDragLeave={[Function]}
            onFocus={[Function]}
            onKeyDown={[Function]}
            onKeyUp={[Function]}
            onMouseDown={[Function]}
            onMouseLeave={[Function]}
            onMouseUp={[Function]}
            onTouchEnd={[Function]}
            onTouchMove={[Function]}
            onTouchStart={[Function]}
            role="tab"
            size="small"
            tabIndex={-1}
            type="button"
          >
            <span
              className="MuiTab-wrapper RcTab-wrapper"
            >
              Tab 77777777
            </span>
          </button>
          <button
            aria-controls={null}
            aria-selected={false}
            className="MuiButtonBase-root MuiTab-root MuiTab-textColorPrimary c1"
            disabled={false}
            id={null}
            onBlur={[Function]}
            onClick={[Function]}
            onDragLeave={[Function]}
            onFocus={[Function]}
            onKeyDown={[Function]}
            onKeyUp={[Function]}
            onMouseDown={[Function]}
            onMouseLeave={[Function]}
            onMouseUp={[Function]}
            onTouchEnd={[Function]}
            onTouchMove={[Function]}
            onTouchStart={[Function]}
            role="tab"
            size="small"
            tabIndex={-1}
            type="button"
          >
            <span
              className="MuiTab-wrapper RcTab-wrapper"
            >
              Tab 8
            </span>
          </button>
          <button
            aria-controls={null}
            aria-selected={false}
            className="MuiButtonBase-root MuiTab-root MuiTab-textColorPrimary c1"
            disabled={false}
            id={null}
            onBlur={[Function]}
            onClick={[Function]}
            onDragLeave={[Function]}
            onFocus={[Function]}
            onKeyDown={[Function]}
            onKeyUp={[Function]}
            onMouseDown={[Function]}
            onMouseLeave={[Function]}
            onMouseUp={[Function]}
            onTouchEnd={[Function]}
            onTouchMove={[Function]}
            onTouchStart={[Function]}
            role="tab"
            size="small"
            tabIndex={-1}
            type="button"
          >
            <span
              className="MuiTab-wrapper RcTab-wrapper"
            >
              Tab 9
            </span>
          </button>
        </div>
      </div>
    </div>
  </div>,
  <div
    aria-labelledby={null}
    className="MuiTabPanel-root "
    hidden={false}
    id={null}
    role="tabpanel"
  >
    Tab Content 0
  </div>,
  <div
    aria-labelledby={null}
    className="MuiTabPanel-root "
    hidden={true}
    id={null}
    role="tabpanel"
  />,
  <div
    aria-labelledby={null}
    className="MuiTabPanel-root "
    hidden={true}
    id={null}
    role="tabpanel"
  />,
  <div
    aria-labelledby={null}
    className="MuiTabPanel-root "
    hidden={true}
    id={null}
    role="tabpanel"
  />,
  <div
    aria-labelledby={null}
    className="MuiTabPanel-root "
    hidden={true}
    id={null}
    role="tabpanel"
  />,
  <div
    aria-labelledby={null}
    className="MuiTabPanel-root "
    hidden={true}
    id={null}
    role="tabpanel"
  />,
  <div
    aria-labelledby={null}
    className="MuiTabPanel-root "
    hidden={true}
    id={null}
    role="tabpanel"
  />,
  <div
    aria-labelledby={null}
    className="MuiTabPanel-root "
    hidden={true}
    id={null}
    role="tabpanel"
  />,
  <div
    aria-labelledby={null}
    className="MuiTabPanel-root "
    hidden={true}
    id={null}
    role="tabpanel"
  />,
  <div
    aria-labelledby={null}
    className="MuiTabPanel-root "
    hidden={true}
    id={null}
    role="tabpanel"
  />,
]
`;
