// Jest Snapshot v1, https://goo.gl/fbAQLP

exports[`Storyshots Components/ImageView ImageView 1`] = `
.c0 {
  display: block;
  overflow: hidden;
  box-shadow: 0px 4px 5px -2px rgba(0,0,0,0.2),0px 7px 10px 1px rgba(0,0,0,0.14),0px 2px 16px 1px rgba(0,0,0,0.12);
  visibility: visible;
  -webkit-user-select: none;
  -moz-user-select: none;
  -ms-user-select: none;
  user-select: none;
  height: px;
  width: 300px;
}

.c1 {
  visibility: hidden;
  display: none;
}

<div
  style={
    Object {
      "height": 400,
      "width": 600,
    }
  }
>
  <div
    className="c0"
    visibility="visible"
    width={300}
  >
    <canvas
      style={
        Object {
          "width": "100%",
        }
      }
    />
  </div>
  <img
    className="c1"
    onError={[Function]}
    onLoad={[Function]}
    src="https://fengyuanchen.github.io/viewerjs/images/tibet-3.jpg"
  />
</div>
`;
