// Jest Snapshot v1, https://goo.gl/fbAQLP

exports[`Storyshots ðŸš€ Cleanup Components/VirtualizedMenu/VirtualizedMenuList VirtualizedMenuList 1`] = `
Array [
  .c0 {
  -webkit-clip-path: inset(100%);
  clip-path: inset(100%);
  -webkit-clip: rect(1px,1px,1px,1px);
  clip: rect(1px,1px,1px,1px);
  height: 1px;
  overflow: hidden;
  position: absolute;
  white-space: nowrap;
  width: 1px;
}

<span
    className="c0"
    onFocus={[Function]}
  />,
  .c0 {
  height: 8px;
}

<div
    onBlur={[Function]}
    onFocus={[Function]}
    onKeyDown={[Function]}
    style={
      Object {
        "WebkitOverflowScrolling": "touch",
        "height": 180,
        "outline": "none",
        "overflowY": "auto",
        "position": "relative",
      }
    }
    tabIndex={-1}
  >
    <div
      style={
        Object {
          "height": "100%",
          "position": "absolute",
          "top": 0,
          "width": "100%",
        }
      }
    >
      <div>
        <div
          className="c0"
        />
      </div>
      <ul
        className="MuiList-root "
        role="menu"
        style={
          Object {
            "boxSizing": "border-box",
            "marginTop": 0,
            "paddingBottom": 0,
            "paddingTop": 0,
          }
        }
      />
      <div>
        <div
          className="c0"
        />
      </div>
    </div>
  </div>,
]
`;
